
=== STAGE 0: Environment ===
  EGRET OK  (egret at /Users/matthewviens/Optimization/Egret/egret/__init__.py)
[    0.00] Initializing mpi-sppy
Alternative solutions package from or_topas is available.
  SPAROW OK (sparow at /Users/matthewviens/Optimization/sparow/sparow/__init__.py)
  OR-Topas OK
  Stage 0 PASSED

=== STAGE 1: Build EGRET model (tiny_uc_tc) ===
  force_synthetic=True → 2-gen copperplate UC, T=4
  ModelData source: synthetic(T=4)
  system keys: ['time_keys', 'time_period_length_minutes', 'baseMVA', 'load_mismatch_cost', 'reserve_shortfall_cost']
  element types: ['bus', 'load', 'generator']
WARNING: Polynomial cost curves will be approximated using piecewise segments
WARNING | WARNING: Polynomial cost curves will be approximated using piecewise segments
  network_constraints: copperplate_power_flow
  Model type: <class 'pyomo.core.base.PyomoModel.ConcreteModel'>
  Model name: UnitCommitment
  Active objectives: ['TotalCostObjective']
  Set ThermalGenerators: length 2
  Set TimePeriods: length 4
  Set Buses: length 1
  Stage 1 PASSED

=== STAGE 2: Inspect binary / integer variables ===
  Binary components:
    UnitOn                                    n=    8  sample_idx=[('G1', 1), ('G1', 2), ('G1', 3)]
    UnitStart                                 n=    8  sample_idx=[('G1', 1), ('G1', 2), ('G1', 3)]
    UnitStop                                  n=    8  sample_idx=[('G1', 1), ('G1', 2), ('G1', 3)]
  Integer (non-binary) components:
    (none)
  Continuous sample (first few):
    PowerGeneratedAboveMinimum                n=    8
    PiecewiseProduction                       n=   16
    ProductionCost                            n=    8
    StartupCost                               n=    8
    posLoadGenerateMismatch                   n=    4

  Suggested first_stage_variables (heuristic): ['UnitOn', 'UnitStart', 'UnitStop']
  Stage 2 PASSED – inspect the list above before continuing

=== STAGE 3: Verify first-stage name list ===
  Candidate names: ['UnitOn', 'UnitStart', 'UnitStop']
  'UnitOn': found, n=8, domain=Binary
  'UnitStart': found, n=8, domain=Binary
  'UnitStop': found, n=8, domain=Binary
  Total first-stage VarData objects: 24
  Stage 3 PASSED

=== STAGE 4: Trivial SPAROW SP (newsvendor-style) ===
  default_model: None
  bundles: ['1', '2', '3']
  create_bundle_EF succeeded for bundle 1
  int_to_FirstStageVar[1]: 1 entries
    0: s[None,1].x = s[None,1].x
  Stage 4 PASSED

=== STAGE 5: SPAROW SP with EGRET model_builder ===
  default_model: None
  bundles: ['base']
  Building EF for bundle base ...
WARNING: Polynomial cost curves will be approximated using piecewise segments
WARNING | WARNING: Polynomial cost curves will be approximated using piecewise segments
  int_to_FirstStageVar[base]: 24 variables
    [0] s[None,base].UnitOn[G1,1]  domain=Binary
    [1] s[None,base].UnitOn[G1,2]  domain=Binary
    [2] s[None,base].UnitOn[G1,3]  domain=Binary
    [3] s[None,base].UnitOn[G1,4]  domain=Binary
    [4] s[None,base].UnitOn[G2,1]  domain=Binary
  Stage 5 PASSED

=== STAGE 6: Extensive Form solve (reference) ===
  Solver: gurobi
  Bundles / scenarios: ['base']
  Building and solving extensive form ...
INFO - 
INFO | 
INFO - ----------------------------------------------------------------------
INFO | ----------------------------------------------------------------------
INFO - ExtensiveFormSolver - START
INFO | ExtensiveFormSolver - START
INFO - Using single_bundle scheme (extensive form solve).
INFO | Using single_bundle scheme (extensive form solve).
/Users/matthewviens/Optimization/sparow/sparow/sp/bundling/bundling_helper_functions.py:123: UserWarning: No scenario probabilities are given; assuming uniform distribution.
  warnings.warn(
WARNING: Polynomial cost curves will be approximated using piecewise segments
WARNING | WARNING: Polynomial cost curves will be approximated using piecewise segments
INFO | Read LP format model from file /var/folders/n2/cpw5cst11dz704mw_b3h928w0000gn/T/tmp_cms0cmx.pyomo.lp
INFO | Reading time = 0.00 seconds
INFO | x1: 112 rows, 80 columns, 286 nonzeros
INFO | Set parameter TimeLimit to value 60
INFO | Set parameter TimeLimit to value 60
INFO | Gurobi Optimizer version 13.0.0 build v13.0.0rc1 (mac64[rosetta2] - Darwin 25.5.0 25F84)
INFO | 
INFO | CPU model: Apple M1 Max
INFO | Thread count: 10 physical cores, 10 logical processors, using up to 10 threads
INFO | 
INFO | Non-default parameters:
INFO | TimeLimit  60
INFO | 
INFO | Optimize a model with 112 rows, 80 columns and 286 nonzeros (Min)
INFO | Model fingerprint: 0xe8ae6b7c
INFO | Model has 40 linear objective coefficients
INFO | Variable types: 56 continuous, 24 integer (24 binary)
INFO | Coefficient statistics:
INFO |   Matrix range     [1e-01, 2e+03]
INFO |   Objective range  [1e+00, 4e+06]
INFO |   Bounds range     [2e-01, 1e+00]
INFO |   RHS range        [7e-01, 1e+00]
INFO | Found heuristic solution: objective 1.420000e+07
INFO | Presolve removed 57 rows and 40 columns
INFO | Presolve time: 0.04s
INFO | Presolved: 55 rows, 40 columns, 178 nonzeros
INFO | Variable types: 20 continuous, 20 integer (20 binary)
INFO | 
INFO | Root relaxation: objective 5.819717e+03, 19 iterations, 0.01 seconds (0.00 work units)
INFO | 
INFO |     Nodes    |    Current Node    |     Objective Bounds      |     Work
INFO |  Expl Unexpl |  Obj  Depth IntInf | Incumbent    BestBd   Gap | It/Node Time
INFO | 
INFO |      0     0 5819.71667    0    5 1.4200e+07 5819.71667   100%     -    0s
INFO | H    0     0                    5886.4000000 5819.71667  1.13%     -    0s
INFO | 
INFO | Explored 1 nodes (19 simplex iterations) in 0.16 seconds (0.00 work units)
INFO | Thread count was 10 (of 10 available processors)
INFO | 
INFO | Solution count 2: 5886.4 1.42e+07 
INFO | 
INFO | Optimal solution found (tolerance 1.00e-04)
INFO | Best objective 5.886400000000e+03, best bound 5.886400000000e+03, gap 0.0000%
INFO - 
INFO | 
INFO - ----------------------------------------------------------------------
INFO | ----------------------------------------------------------------------
INFO - ExtensiveFormSolver - STOP
INFO | ExtensiveFormSolver - STOP
  EF objective value: 5886.4
  Sample first-stage values (post-EF):
    s[None,base].UnitOn[G1,1] = 1.0
    s[None,base].UnitOn[G1,2] = 1.0
    s[None,base].UnitOn[G1,3] = 1.0
    s[None,base].UnitOn[G1,4] = 1.0
    s[None,base].UnitOn[G2,1] = 0.0
    s[None,base].UnitOn[G2,2] = 0.0
    s[None,base].UnitOn[G2,3] = 1.0
    s[None,base].UnitOn[G2,4] = 0.0
  Stage 6 PASSED – reference objective recorded

=== STAGE 7: Peek at SPAROW transforms (no solve) ===
  Using bundle bundle
WARNING: Polynomial cost curves will be approximated using piecewise segments
WARNING | WARNING: Polynomial cost curves will be approximated using piecewise segments
WARNING | Implicitly replacing the Component attribute obj (type=<class 'pyomo.core.base.objective.ScalarObjective'>) on block unknown with a new Component (type=<class 'pyomo.core.base.objective.AbstractScalarObjective'>).
This is usually indicative of a modelling error.
To avoid this warning, use block.del_component() and block.add_component().
WARNING | Uncopyable field encountered when deep copying Pyomo components outside the scope of Block.clone().  There is a distinct possibility that the new copy is not complete.  To avoid this situation, please use Block.clone()
ERROR | Unable to clone Pyomo component attribute.
Component 's[None,base].Contingencies' contains an uncopyable field '_init_values' (<class 'pyomo.core.base.set.TuplizeValuesInitializer'>).  Setting field to `None` on new object
  Subproblem model created: <class 'pyomo.core.base.PyomoModel.ConcreteModel'>
  Subproblem active objectives: ['obj']
  Subproblem residual Binary vars (should be 0 or few): 0
WARNING: Polynomial cost curves will be approximated using piecewise segments
WARNING | WARNING: Polynomial cost curves will be approximated using piecewise segments
WARNING | Implicitly replacing the Component attribute obj (type=<class 'pyomo.core.base.objective.ScalarObjective'>) on block unknown with a new Component (type=<class 'pyomo.core.base.objective.AbstractScalarObjective'>).
This is usually indicative of a modelling error.
To avoid this warning, use block.del_component() and block.add_component().
  Master model created: <class 'pyomo.core.base.PyomoModel.ConcreteModel'>
  Master etas: ['bundle']
  Master active objectives: ['obj']
  Stage 7 finished (manual inspection of any warnings above)

=== STAGE 8: SPAROW BendersSolver (+ EF comparison) ===
  EF reference objective: 5886.4
  eta_bounds_map: {'bundle': (0.0, None)}
  Unfixed 0 previously-fixed first-stage variables
  Seeded numeric values on 24 first-stage variables
  Calling BendersSolver.solve (remove_first_stage_only_cons=True, allow_infeasible=True) ...
  (Per-iteration banners: cuts_added / cuts_total / master_obj / eta)
INFO - BendersSolver - START
INFO | BendersSolver - START
WARNING | Uncopyable field encountered when deep copying Pyomo components outside the scope of Block.clone().  There is a distinct possibility that the new copy is not complete.  To avoid this situation, please use Block.clone()
ERROR | Unable to clone Pyomo component attribute.
Component 's[None,base].Contingencies' contains an uncopyable field '_init_values' (<class 'pyomo.core.base.set.TuplizeValuesInitializer'>).  Setting field to `None` on new object
WARNING: Polynomial cost curves will be approximated using piecewise segments
WARNING | WARNING: Polynomial cost curves will be approximated using piecewise segments
WARNING | Implicitly replacing the Component attribute obj (type=<class 'pyomo.core.base.objective.ScalarObjective'>) on block unknown with a new Component (type=<class 'pyomo.core.base.objective.AbstractScalarObjective'>).
This is usually indicative of a modelling error.
To avoid this warning, use block.del_component() and block.add_component().
WARNING: Polynomial cost curves will be approximated using piecewise segments
WARNING | WARNING: Polynomial cost curves will be approximated using piecewise segments
WARNING | Implicitly replacing the Component attribute obj (type=<class 'pyomo.core.base.objective.ScalarObjective'>) on block unknown with a new Component (type=<class 'pyomo.core.base.objective.AbstractScalarObjective'>).
This is usually indicative of a modelling error.
To avoid this warning, use block.del_component() and block.add_component().
INFO | Gurobi Optimizer version 13.0.0 build v13.0.0rc1 (mac64[rosetta2] - Darwin 25.5.0 25F84)
INFO | 
INFO | CPU model: Apple M1 Max
INFO | Thread count: 10 physical cores, 10 logical processors, using up to 10 threads
INFO | 
INFO | Non-default parameters:
INFO | LogToConsole  0
INFO | 
INFO | Optimize a model with 32 rows, 81 columns and 70 nonzeros (Min)
INFO | Model fingerprint: 0xb3f95a72
INFO | Model has 9 linear objective coefficients
INFO | Variable types: 57 continuous, 24 integer (24 binary)
INFO | Coefficient statistics:
INFO |   Matrix range     [1e+00, 1e+00]
INFO |   Objective range  [1e+00, 4e+02]
INFO |   Bounds range     [1e+00, 1e+00]
INFO |   RHS range        [1e+00, 1e+00]
INFO | Found heuristic solution: objective 0.0000000
INFO | 
INFO | Explored 0 nodes (0 simplex iterations) in 0.00 seconds (0.00 work units)
INFO | Thread count was 1 (of 10 available processors)
INFO | 
INFO | Solution count 1: 0 
INFO | 
INFO | Optimal solution found (tolerance 1.00e-04)
INFO | Best objective 0.000000000000e+00, best bound 0.000000000000e+00, gap 0.0000%
Set parameter InfUnbdInfo to value 1
INFO | Set parameter InfUnbdInfo to value 1
Set parameter DualReductions to value 0
INFO | Set parameter DualReductions to value 0
INFO | Set parameter QCPDual to value 1
INFO | Gurobi Optimizer version 13.0.0 build v13.0.0rc1 (mac64[rosetta2] - Darwin 25.5.0 25F84)
INFO | 
INFO | CPU model: Apple M1 Max
INFO | Thread count: 10 physical cores, 10 logical processors, using up to 10 threads
INFO | 
INFO | Non-default parameters:
INFO | DualReductions  0
INFO | InfUnbdInfo  1
INFO | LogToConsole  0
INFO | QCPDual  1
INFO | 
INFO | Optimize a model with 160 rows, 80 columns and 296 nonzeros (Min)
INFO | Model fingerprint: 0xe4f06976
INFO | Model has 32 linear objective coefficients
INFO | Coefficient statistics:
INFO |   Matrix range     [1e-01, 2e+03]
INFO |   Objective range  [1e+00, 4e+06]
INFO |   Bounds range     [0e+00, 0e+00]
INFO |   RHS range        [2e-01, 1e+00]
INFO | Presolve time: 0.00s
INFO | Presolved: 4 rows, 8 columns, 8 nonzeros
INFO | 
INFO | Iteration    Objective       Primal Inf.    Dual Inf.      Time
INFO |        0    1.4200000e+07   0.000000e+00   0.000000e+00      0s
INFO |        0    1.4200000e+07   0.000000e+00   0.000000e+00      0s
INFO | 
INFO | Solved in 0 iterations and 0.00 seconds (0.00 work units)
INFO | Optimal objective  1.420000000e+07
  --- Benders iteration 1  cuts_added=1  cuts_total=1  ---
INFO | Gurobi Optimizer version 13.0.0 build v13.0.0rc1 (mac64[rosetta2] - Darwin 25.5.0 25F84)
INFO | 
INFO | CPU model: Apple M1 Max
INFO | Thread count: 10 physical cores, 10 logical processors, using up to 10 threads
INFO | 
INFO | Non-default parameters:
INFO | LogToConsole  0
INFO | 
INFO | Optimize a model with 33 rows, 81 columns and 87 nonzeros (Min)
INFO | Model fingerprint: 0xa39a04a3
INFO | Model has 9 linear objective coefficients
INFO | Variable types: 57 continuous, 24 integer (24 binary)
INFO | Coefficient statistics:
INFO |   Matrix range     [1e+00, 4e+06]
INFO |   Objective range  [1e+00, 4e+02]
INFO |   Bounds range     [1e+00, 1e+00]
INFO |   RHS range        [1e+00, 1e+07]
INFO | 
INFO | MIP start from previous solve produced solution with objective 1.42e+07 (0.00s)
INFO | Loaded MIP start from previous solve with objective 1.42e+07
INFO | 
INFO | Presolve removed 14 rows and 66 columns
INFO | Presolve time: 0.00s
INFO | Presolved: 19 rows, 15 columns, 57 nonzeros
INFO | Variable types: 1 continuous, 14 integer (14 binary)
INFO | 
INFO | Root relaxation: objective 1.421420e+03, 2 iterations, 0.00 seconds (0.00 work units)
INFO | 
INFO |     Nodes    |    Current Node    |     Objective Bounds      |     Work
INFO |  Expl Unexpl |  Obj  Depth IntInf | Incumbent    BestBd   Gap | It/Node Time
INFO | 
INFO |      0     0 1421.42000    0    2 1.4200e+07 1421.42000   100%     -    0s
INFO | H    0     0                    2201201.2000 1421.42000   100%     -    0s
INFO | H    0     0                    1601.6000000 1421.42000  11.3%     -    0s
INFO |      0     0 1456.76506    0    6 1601.60000 1456.76506  9.04%     -    0s
INFO | H    0     0                    1551.4000000 1488.95141  4.03%     -    0s
INFO |      0     0 1488.95141    0    6 1551.40000 1488.95141  4.03%     -    0s
INFO |      0     0 1551.40000    0    5 1551.40000 1551.40000  0.00%     -    0s
INFO | 
INFO | Cutting planes:
INFO |   Cover: 1
INFO |   MIR: 1
INFO |   RLT: 3
INFO | 
INFO | Explored 1 nodes (12 simplex iterations) in 0.04 seconds (0.00 work units)
INFO | Thread count was 10 (of 10 available processors)
INFO | 
INFO | Solution count 4: 1551.4 1601.6 2.2012e+06 1.42e+07 
INFO | 
INFO | Optimal solution found (tolerance 1.00e-04)
INFO | Best objective 1.551400000000e+03, best bound 1.551400000000e+03, gap 0.0000%
INFO | Set parameter InfUnbdInfo to value 1
INFO | Set parameter DualReductions to value 0
INFO | Set parameter QCPDual to value 1
INFO | Gurobi Optimizer version 13.0.0 build v13.0.0rc1 (mac64[rosetta2] - Darwin 25.5.0 25F84)
INFO | 
INFO | CPU model: Apple M1 Max
INFO | Thread count: 10 physical cores, 10 logical processors, using up to 10 threads
INFO | 
INFO | Non-default parameters:
INFO | DualReductions  0
INFO | InfUnbdInfo  1
INFO | LogToConsole  0
INFO | QCPDual  1
INFO | 
INFO | Optimize a model with 160 rows, 80 columns and 296 nonzeros (Min)
INFO | Model fingerprint: 0x28edb8ad
INFO | Model has 32 linear objective coefficients
INFO | Coefficient statistics:
INFO |   Matrix range     [1e-01, 2e+03]
INFO |   Objective range  [1e+00, 4e+06]
INFO |   Bounds range     [0e+00, 0e+00]
INFO |   RHS range        [2e-01, 1e+00]
INFO | Presolve time: 0.00s
INFO | Presolved: 4 rows, 18 columns, 18 nonzeros
INFO | 
INFO | Iteration    Objective       Primal Inf.    Dual Inf.      Time
INFO |        0    5.9938361e+06   1.101700e+00   0.000000e+00      0s
INFO |        3    6.0022925e+06   0.000000e+00   0.000000e+00      0s
INFO | 
INFO | Solved in 3 iterations and 0.00 seconds (0.00 work units)
INFO | Optimal objective  6.002292550e+06
  --- Benders iteration 2  cuts_added=1  cuts_total=2  ---
INFO | Gurobi Optimizer version 13.0.0 build v13.0.0rc1 (mac64[rosetta2] - Darwin 25.5.0 25F84)
INFO | 
INFO | CPU model: Apple M1 Max
INFO | Thread count: 10 physical cores, 10 logical processors, using up to 10 threads
INFO | 
INFO | Non-default parameters:
INFO | LogToConsole  0
INFO | 
INFO | Optimize a model with 34 rows, 81 columns and 106 nonzeros (Min)
INFO | Model fingerprint: 0x6dbc733f
INFO | Model has 9 linear objective coefficients
INFO | Variable types: 57 continuous, 24 integer (24 binary)
INFO | Coefficient statistics:
INFO |   Matrix range     [1e+00, 4e+06]
INFO |   Objective range  [1e+00, 4e+02]
INFO |   Bounds range     [1e+00, 1e+00]
INFO |   RHS range        [1e+00, 1e+07]
INFO | 
INFO | MIP start from previous solve produced solution with objective 6.00384e+06 (0.00s)
INFO | Loaded MIP start from previous solve with objective 6.00384e+06
INFO | 
INFO | Presolve removed 14 rows and 65 columns
INFO | Presolve time: 0.00s
INFO | Presolved: 20 rows, 16 columns, 74 nonzeros
INFO | Variable types: 1 continuous, 15 integer (15 binary)
INFO | 
INFO | Root relaxation: objective 1.421420e+03, 4 iterations, 0.00 seconds (0.00 work units)
INFO | 
INFO |     Nodes    |    Current Node    |     Objective Bounds      |     Work
INFO |  Expl Unexpl |  Obj  Depth IntInf | Incumbent    BestBd   Gap | It/Node Time
INFO | 
INFO |      0     0 1421.42000    0    4 6003843.95 1421.42000   100%     -    0s
INFO | H    0     0                    2603566.6000 1421.42000   100%     -    0s
INFO | H    0     0                    1601.6000000 1421.42000  11.2%     -    0s
INFO | 
INFO | Cutting planes:
INFO |   Cover: 1
INFO |   RLT: 1
INFO | 
INFO | Explored 1 nodes (4 simplex iterations) in 0.00 seconds (0.00 work units)
INFO | Thread count was 10 (of 10 available processors)
INFO | 
INFO | Solution count 3: 1601.6 2.60357e+06 6.00384e+06 
INFO | 
INFO | Optimal solution found (tolerance 1.00e-04)
INFO | Best objective 1.601600000000e+03, best bound 1.601600000000e+03, gap 0.0000%
INFO | Set parameter InfUnbdInfo to value 1
INFO | Set parameter DualReductions to value 0
INFO | Set parameter QCPDual to value 1
INFO | Gurobi Optimizer version 13.0.0 build v13.0.0rc1 (mac64[rosetta2] - Darwin 25.5.0 25F84)
INFO | 
INFO | CPU model: Apple M1 Max
INFO | Thread count: 10 physical cores, 10 logical processors, using up to 10 threads
INFO | 
INFO | Non-default parameters:
INFO | DualReductions  0
INFO | InfUnbdInfo  1
INFO | LogToConsole  0
INFO | QCPDual  1
INFO | 
INFO | Optimize a model with 160 rows, 80 columns and 296 nonzeros (Min)
INFO | Model fingerprint: 0xd2882d8e
INFO | Model has 32 linear objective coefficients
INFO | Coefficient statistics:
INFO |   Matrix range     [1e-01, 2e+03]
INFO |   Objective range  [1e+00, 4e+06]
INFO |   Bounds range     [0e+00, 0e+00]
INFO |   RHS range        [2e-01, 1e+00]
INFO | Presolve time: 0.00s
INFO | Presolved: 4 rows, 16 columns, 16 nonzeros
INFO | 
INFO | Iteration    Objective       Primal Inf.    Dual Inf.      Time
INFO |        0    3.9680806e+05   2.251100e+00   0.000000e+00      0s
INFO |        4    4.0400460e+05   0.000000e+00   0.000000e+00      0s
INFO | 
INFO | Solved in 4 iterations and 0.00 seconds (0.00 work units)
INFO | Optimal objective  4.040046000e+05
  --- Benders iteration 3  cuts_added=1  cuts_total=3  ---
INFO | Gurobi Optimizer version 13.0.0 build v13.0.0rc1 (mac64[rosetta2] - Darwin 25.5.0 25F84)
INFO | 
INFO | CPU model: Apple M1 Max
INFO | Thread count: 10 physical cores, 10 logical processors, using up to 10 threads
INFO | 
INFO | Non-default parameters:
INFO | LogToConsole  0
INFO | 
INFO | Optimize a model with 35 rows, 81 columns and 123 nonzeros (Min)
INFO | Model fingerprint: 0x4977f378
INFO | Model has 9 linear objective coefficients
INFO | Variable types: 57 continuous, 24 integer (24 binary)
INFO | Coefficient statistics:
INFO |   Matrix range     [1e+00, 4e+06]
INFO |   Objective range  [1e+00, 4e+02]
INFO |   Bounds range     [1e+00, 1e+00]
INFO |   RHS range        [1e+00, 1e+07]
INFO | 
INFO | MIP start from previous solve produced solution with objective 405606 (0.00s)
INFO | MIP start from previous solve produced solution with objective 405606 (0.00s)
INFO | Loaded MIP start from previous solve with objective 405606
INFO | 
INFO | Presolve removed 14 rows and 65 columns
INFO | Presolve time: 0.00s
INFO | Presolved: 21 rows, 16 columns, 88 nonzeros
INFO | Variable types: 1 continuous, 15 integer (15 binary)
INFO | 
INFO | Root relaxation: objective 1.457636e+03, 9 iterations, 0.00 seconds (0.00 work units)
INFO | 
INFO |     Nodes    |    Current Node    |     Objective Bounds      |     Work
INFO |  Expl Unexpl |  Obj  Depth IntInf | Incumbent    BestBd   Gap | It/Node Time
INFO | 
INFO |      0     0 1457.63631    0    7 405606.200 1457.63631   100%     -    0s
INFO |      0     0 1461.99687    0    7 405606.200 1461.99687   100%     -    0s
INFO | H    0     0                    404620.60000 1461.99687   100%     -    0s
INFO | H    0     0                    1701.6000000 1461.99687  14.1%     -    0s
INFO |      0     0 1560.86617    0    3 1701.60000 1560.86617  8.27%     -    0s
INFO |      0     0 1592.14244    0    4 1701.60000 1592.14244  6.43%     -    0s
INFO |      0     0 1701.60000    0    5 1701.60000 1701.60000  0.00%     -    0s
INFO | 
INFO | Cutting planes:
INFO |   Gomory: 1
INFO |   Cover: 3
INFO |   Implied bound: 2
INFO |   GUB cover: 1
INFO |   RLT: 2
INFO | 
INFO | Explored 1 nodes (19 simplex iterations) in 0.01 seconds (0.00 work units)
INFO | Thread count was 10 (of 10 available processors)
INFO | 
INFO | Solution count 3: 1701.6 404621 405606 
INFO | 
INFO | Optimal solution found (tolerance 1.00e-04)
INFO | Best objective 1.701600000000e+03, best bound 1.701600000000e+03, gap 0.0000%
INFO | Set parameter InfUnbdInfo to value 1
INFO | Set parameter DualReductions to value 0
INFO | Set parameter QCPDual to value 1
INFO | Gurobi Optimizer version 13.0.0 build v13.0.0rc1 (mac64[rosetta2] - Darwin 25.5.0 25F84)
INFO | 
INFO | CPU model: Apple M1 Max
INFO | Thread count: 10 physical cores, 10 logical processors, using up to 10 threads
INFO | 
INFO | Non-default parameters:
INFO | DualReductions  0
INFO | InfUnbdInfo  1
INFO | LogToConsole  0
INFO | QCPDual  1
INFO | 
INFO | Optimize a model with 160 rows, 80 columns and 296 nonzeros (Min)
INFO | Model fingerprint: 0x2c850139
INFO | Model has 32 linear objective coefficients
INFO | Coefficient statistics:
INFO |   Matrix range     [1e-01, 2e+03]
INFO |   Objective range  [1e+00, 4e+06]
INFO |   Bounds range     [0e+00, 0e+00]
INFO |   RHS range        [2e-01, 1e+00]
INFO | Presolve time: 0.00s
INFO | Presolved: 4 rows, 18 columns, 18 nonzeros
INFO | 
INFO | Iteration    Objective       Primal Inf.    Dual Inf.      Time
INFO |        0    7.9623691e+05   2.301200e+00   0.000000e+00      0s
INFO |        4    8.0428360e+05   0.000000e+00   0.000000e+00      0s
INFO | 
INFO | Solved in 4 iterations and 0.00 seconds (0.00 work units)
INFO | Optimal objective  8.042836000e+05
  --- Benders iteration 4  cuts_added=1  cuts_total=4  ---
INFO | Gurobi Optimizer version 13.0.0 build v13.0.0rc1 (mac64[rosetta2] - Darwin 25.5.0 25F84)
INFO | 
INFO | CPU model: Apple M1 Max
INFO | Thread count: 10 physical cores, 10 logical processors, using up to 10 threads
INFO | 
INFO | Non-default parameters:
INFO | LogToConsole  0
INFO | 
INFO | Optimize a model with 36 rows, 81 columns and 141 nonzeros (Min)
INFO | Model fingerprint: 0xa9f21b14
INFO | Model has 9 linear objective coefficients
INFO | Variable types: 57 continuous, 24 integer (24 binary)
INFO | Coefficient statistics:
INFO |   Matrix range     [1e+00, 4e+06]
INFO |   Objective range  [1e+00, 4e+02]
INFO |   Bounds range     [1e+00, 1e+00]
INFO |   RHS range        [1e+00, 1e+07]
INFO | 
INFO | MIP start from previous solve produced solution with objective 805985 (0.00s)
INFO | MIP start from previous solve produced solution with objective 805985 (0.00s)
INFO | Loaded MIP start from previous solve with objective 805985
INFO | 
INFO | Presolve removed 14 rows and 64 columns
INFO | Presolve time: 0.00s
INFO | Presolved: 22 rows, 17 columns, 105 nonzeros
INFO | Variable types: 1 continuous, 16 integer (16 binary)
INFO | 
INFO | Root relaxation: objective 1.457636e+03, 10 iterations, 0.00 seconds (0.00 work units)
INFO | 
INFO |     Nodes    |    Current Node    |     Objective Bounds      |     Work
INFO |  Expl Unexpl |  Obj  Depth IntInf | Incumbent    BestBd   Gap | It/Node Time
INFO | 
INFO |      0     0 1457.63631    0    8 805985.200 1457.63631   100%     -    0s
INFO |      0     0 1461.99687    0    8 805985.200 1461.99687   100%     -    0s
INFO | H    0     0                    5373.4000000 1461.99687  72.8%     -    0s
INFO | H    0     0                    2102.0000000 1461.99687  30.4%     -    0s
INFO | H    0     0                    1701.6000000 1461.99687  14.1%     -    0s
INFO |      0     0 1573.34504    0    3 1701.60000 1573.34504  7.54%     -    0s
INFO |      0     0 1701.60000    0    4 1701.60000 1701.60000  0.00%     -    0s
INFO | 
INFO | Cutting planes:
INFO |   Implied bound: 2
INFO |   RLT: 1
INFO | 
INFO | Explored 1 nodes (16 simplex iterations) in 0.01 seconds (0.00 work units)
INFO | Thread count was 10 (of 10 available processors)
INFO | 
INFO | Solution count 4: 1701.6 2102 5373.4 805985 
INFO | 
INFO | Optimal solution found (tolerance 1.00e-04)
INFO | Best objective 1.701600000000e+03, best bound 1.701600000000e+03, gap 0.0000%
INFO | Set parameter InfUnbdInfo to value 1
INFO | Set parameter DualReductions to value 0
INFO | Set parameter QCPDual to value 1
INFO | Gurobi Optimizer version 13.0.0 build v13.0.0rc1 (mac64[rosetta2] - Darwin 25.5.0 25F84)
INFO | 
INFO | CPU model: Apple M1 Max
INFO | Thread count: 10 physical cores, 10 logical processors, using up to 10 threads
INFO | 
INFO | Non-default parameters:
INFO | DualReductions  0
INFO | InfUnbdInfo  1
INFO | LogToConsole  0
INFO | QCPDual  1
INFO | 
INFO | Optimize a model with 160 rows, 80 columns and 296 nonzeros (Min)
INFO | Model fingerprint: 0xdabfb0d1
INFO | Model has 32 linear objective coefficients
INFO | Coefficient statistics:
INFO |   Matrix range     [1e-01, 2e+03]
INFO |   Objective range  [1e+00, 4e+06]
INFO |   Bounds range     [0e+00, 0e+00]
INFO |   RHS range        [2e-01, 1e+00]
INFO | Presolve time: 0.00s
INFO | Presolved: 4 rows, 18 columns, 18 nonzeros
INFO | 
INFO | Iteration    Objective       Primal Inf.    Dual Inf.      Time
INFO |        0    2.8000800e+06   2.050000e+00   0.000000e+00      0s
INFO |        3    2.8032521e+06   0.000000e+00   0.000000e+00      0s
INFO | 
INFO | Solved in 3 iterations and 0.00 seconds (0.00 work units)
INFO | Optimal objective  2.803252150e+06
  --- Benders iteration 5  cuts_added=1  cuts_total=5  ---
INFO | Gurobi Optimizer version 13.0.0 build v13.0.0rc1 (mac64[rosetta2] - Darwin 25.5.0 25F84)
INFO | 
INFO | CPU model: Apple M1 Max
INFO | Thread count: 10 physical cores, 10 logical processors, using up to 10 threads
INFO | 
INFO | Non-default parameters:
INFO | LogToConsole  0
INFO | 
INFO | Optimize a model with 37 rows, 81 columns and 158 nonzeros (Min)
INFO | Model fingerprint: 0xe226c2a3
INFO | Model has 9 linear objective coefficients
INFO | Variable types: 57 continuous, 24 integer (24 binary)
INFO | Coefficient statistics:
INFO |   Matrix range     [1e+00, 4e+06]
INFO |   Objective range  [1e+00, 4e+02]
INFO |   Bounds range     [1e+00, 1e+00]
INFO |   RHS range        [1e+00, 1e+07]
INFO | 
INFO | MIP start from previous solve produced solution with objective 2.80495e+06 (0.00s)
INFO | Loaded MIP start from previous solve with objective 2.80495e+06
INFO | 
INFO | Presolve removed 14 rows and 64 columns
INFO | Presolve time: 0.00s
INFO | Presolved: 23 rows, 17 columns, 120 nonzeros
INFO | Variable types: 1 continuous, 16 integer (16 binary)
INFO | 
INFO | Root relaxation: objective 1.462967e+03, 12 iterations, 0.00 seconds (0.00 work units)
INFO | 
INFO |     Nodes    |    Current Node    |     Objective Bounds      |     Work
INFO |  Expl Unexpl |  Obj  Depth IntInf | Incumbent    BestBd   Gap | It/Node Time
INFO | 
INFO |      0     0 1462.96683    0    8 2804953.75 1462.96683   100%     -    0s
INFO | H    0     0                    2603745.3000 1462.96683   100%     -    0s
INFO | H    0     0                    2603566.6000 1462.96683   100%     -    0s
INFO | H    0     0                    2003947.7500 1462.96683   100%     -    0s
INFO | H    0     0                    1851.8000000 1462.96683  21.0%     -    0s
INFO | H    0     0                    1701.6000000 1462.96683  14.0%     -    0s
INFO | 
INFO | Cutting planes:
INFO |   RLT: 3
INFO | 
INFO | Explored 1 nodes (12 simplex iterations) in 0.00 seconds (0.00 work units)
INFO | Thread count was 10 (of 10 available processors)
INFO | 
INFO | Solution count 6: 1701.6 1851.8 2.00395e+06 ... 2.80495e+06
INFO | 
INFO | Optimal solution found (tolerance 1.00e-04)
INFO | Best objective 1.701600000000e+03, best bound 1.701600000000e+03, gap 0.0000%
INFO | Set parameter InfUnbdInfo to value 1
INFO | Set parameter DualReductions to value 0
INFO | Set parameter QCPDual to value 1
INFO | Gurobi Optimizer version 13.0.0 build v13.0.0rc1 (mac64[rosetta2] - Darwin 25.5.0 25F84)
INFO | 
INFO | CPU model: Apple M1 Max
INFO | Thread count: 10 physical cores, 10 logical processors, using up to 10 threads
INFO | 
INFO | Non-default parameters:
INFO | DualReductions  0
INFO | InfUnbdInfo  1
INFO | LogToConsole  0
INFO | QCPDual  1
INFO | 
INFO | Optimize a model with 160 rows, 80 columns and 296 nonzeros (Min)
INFO | Model fingerprint: 0xb11f157c
INFO | Model has 32 linear objective coefficients
INFO | Coefficient statistics:
INFO |   Matrix range     [1e-01, 2e+03]
INFO |   Objective range  [1e+00, 4e+06]
INFO |   Bounds range     [0e+00, 0e+00]
INFO |   RHS range        [2e-01, 1e+00]
INFO | Presolve time: 0.00s
INFO | Presolved: 4 rows, 18 columns, 18 nonzeros
INFO | 
INFO | Iteration    Objective       Primal Inf.    Dual Inf.      Time
INFO |        0    2.1944858e+06   1.951550e+00   0.000000e+00      0s
INFO |        4    2.2037024e+06   0.000000e+00   0.000000e+00      0s
INFO | 
INFO | Solved in 4 iterations and 0.00 seconds (0.00 work units)
INFO | Optimal objective  2.203702400e+06
  --- Benders iteration 6  cuts_added=1  cuts_total=6  ---
INFO | Gurobi Optimizer version 13.0.0 build v13.0.0rc1 (mac64[rosetta2] - Darwin 25.5.0 25F84)
INFO | 
INFO | CPU model: Apple M1 Max
INFO | Thread count: 10 physical cores, 10 logical processors, using up to 10 threads
INFO | 
INFO | Non-default parameters:
INFO | LogToConsole  0
INFO | 
INFO | Optimize a model with 38 rows, 81 columns and 176 nonzeros (Min)
INFO | Model fingerprint: 0x63c7eec5
INFO | Model has 9 linear objective coefficients
INFO | Variable types: 57 continuous, 24 integer (24 binary)
INFO | Coefficient statistics:
INFO |   Matrix range     [1e+00, 4e+06]
INFO |   Objective range  [1e+00, 4e+02]
INFO |   Bounds range     [1e+00, 1e+00]
INFO |   RHS range        [1e+00, 1e+07]
INFO | 
INFO | MIP start from previous solve produced solution with objective 2.2054e+06 (0.00s)
INFO | MIP start from previous solve produced solution with objective 2.2054e+06 (0.00s)
INFO | Loaded MIP start from previous solve with objective 2.2054e+06
INFO | 
INFO | Presolve removed 14 rows and 64 columns
INFO | Presolve time: 0.00s
INFO | Presolved: 24 rows, 17 columns, 135 nonzeros
INFO | Variable types: 1 continuous, 16 integer (16 binary)
INFO | 
INFO | Root relaxation: objective 1.462967e+03, 12 iterations, 0.00 seconds (0.00 work units)
INFO | 
INFO |     Nodes    |    Current Node    |     Objective Bounds      |     Work
INFO |  Expl Unexpl |  Obj  Depth IntInf | Incumbent    BestBd   Gap | It/Node Time
INFO | 
INFO |      0     0 1462.96683    0    8 2205404.00 1462.96683   100%     -    0s
INFO |      0     0 1471.03463    0    8 2205404.00 1471.03463   100%     -    0s
INFO | H    0     0                    2003997.0500 1471.03463   100%     -    0s
INFO | H    0     0                    1405634.0500 1471.03463   100%     -    0s
INFO | H    0     0                    2102.0000000 1471.03463  30.0%     -    0s
INFO | H    0     0                    1851.8000000 1471.03463  20.6%     -    0s
INFO | 
INFO | Cutting planes:
INFO |   Implied bound: 1
INFO | 
INFO | Explored 1 nodes (14 simplex iterations) in 0.00 seconds (0.00 work units)
INFO | Thread count was 10 (of 10 available processors)
INFO | 
INFO | Solution count 5: 1851.8 2102 1.40563e+06 ... 2.2054e+06
INFO | 
INFO | Optimal solution found (tolerance 1.00e-04)
INFO | Best objective 1.851800000000e+03, best bound 1.851800000000e+03, gap 0.0000%
INFO | Set parameter InfUnbdInfo to value 1
INFO | Set parameter DualReductions to value 0
INFO | Set parameter QCPDual to value 1
INFO | Gurobi Optimizer version 13.0.0 build v13.0.0rc1 (mac64[rosetta2] - Darwin 25.5.0 25F84)
INFO | 
INFO | CPU model: Apple M1 Max
INFO | Thread count: 10 physical cores, 10 logical processors, using up to 10 threads
INFO | 
INFO | Non-default parameters:
INFO | DualReductions  0
INFO | InfUnbdInfo  1
INFO | LogToConsole  0
INFO | QCPDual  1
INFO | 
INFO | Optimize a model with 160 rows, 80 columns and 296 nonzeros (Min)
INFO | Model fingerprint: 0x812fc0f4
INFO | Model has 32 linear objective coefficients
INFO | Coefficient statistics:
INFO |   Matrix range     [1e-01, 2e+03]
INFO |   Objective range  [1e+00, 4e+06]
INFO |   Bounds range     [0e+00, 0e+00]
INFO |   RHS range        [2e-01, 1e+00]
INFO | Presolve time: 0.00s
INFO | Presolved: 4 rows, 18 columns, 18 nonzeros
INFO | 
INFO | Iteration    Objective       Primal Inf.    Dual Inf.      Time
INFO |        0    3.0000000e+01   2.650000e+00   0.000000e+00      0s
INFO |        4    4.0346000e+03   0.000000e+00   0.000000e+00      0s
INFO | 
INFO | Solved in 4 iterations and 0.00 seconds (0.00 work units)
INFO | Optimal objective  4.034600000e+03
  --- Benders iteration 7  cuts_added=1  cuts_total=7  ---
INFO | Gurobi Optimizer version 13.0.0 build v13.0.0rc1 (mac64[rosetta2] - Darwin 25.5.0 25F84)
INFO | 
INFO | CPU model: Apple M1 Max
INFO | Thread count: 10 physical cores, 10 logical processors, using up to 10 threads
INFO | 
INFO | Non-default parameters:
INFO | LogToConsole  0
INFO | 
INFO | Optimize a model with 39 rows, 81 columns and 193 nonzeros (Min)
INFO | Model fingerprint: 0xb23a2034
INFO | Model has 9 linear objective coefficients
INFO | Variable types: 57 continuous, 24 integer (24 binary)
INFO | Coefficient statistics:
INFO |   Matrix range     [1e+00, 4e+06]
INFO |   Objective range  [1e+00, 4e+02]
INFO |   Bounds range     [1e+00, 1e+00]
INFO |   RHS range        [1e+00, 1e+07]
INFO | 
INFO | MIP start from previous solve produced solution with objective 5886.4 (0.00s)
INFO | Loaded MIP start from previous solve with objective 5886.4
INFO | 
INFO | Presolve removed 30 rows and 73 columns
INFO | Presolve time: 0.00s
INFO | Presolved: 9 rows, 8 columns, 41 nonzeros
INFO | Found heuristic solution: objective 5560.2000000
INFO | Variable types: 1 continuous, 7 integer (7 binary)
INFO | 
INFO | Root relaxation: objective 4.163500e+03, 3 iterations, 0.00 seconds (0.00 work units)
INFO | 
INFO |     Nodes    |    Current Node    |     Objective Bounds      |     Work
INFO |  Expl Unexpl |  Obj  Depth IntInf | Incumbent    BestBd   Gap | It/Node Time
INFO | 
INFO |      0     0 4163.50000    0    2 5560.20000 4163.50000  25.1%     -    0s
INFO | H    0     0                    4211.4000000 4163.50000  1.14%     -    0s
INFO |      0     0 4163.50000    0    2 4211.40000 4163.50000  1.14%     -    0s
INFO | 
INFO | Explored 1 nodes (3 simplex iterations) in 0.00 seconds (0.00 work units)
INFO | Thread count was 10 (of 10 available processors)
INFO | 
INFO | Solution count 3: 4211.4 5560.2 5886.4 
INFO | 
INFO | Optimal solution found (tolerance 1.00e-04)
INFO | Best objective 4.211400000000e+03, best bound 4.211400000000e+03, gap 0.0000%
INFO | Set parameter InfUnbdInfo to value 1
INFO | Set parameter DualReductions to value 0
INFO | Set parameter QCPDual to value 1
INFO | Gurobi Optimizer version 13.0.0 build v13.0.0rc1 (mac64[rosetta2] - Darwin 25.5.0 25F84)
INFO | 
INFO | CPU model: Apple M1 Max
INFO | Thread count: 10 physical cores, 10 logical processors, using up to 10 threads
INFO | 
INFO | Non-default parameters:
INFO | DualReductions  0
INFO | InfUnbdInfo  1
INFO | LogToConsole  0
INFO | QCPDual  1
INFO | 
INFO | Optimize a model with 160 rows, 80 columns and 296 nonzeros (Min)
INFO | Model fingerprint: 0x180f347b
INFO | Model has 32 linear objective coefficients
INFO | Coefficient statistics:
INFO |   Matrix range     [1e-01, 2e+03]
INFO |   Objective range  [1e+00, 4e+06]
INFO |   Bounds range     [0e+00, 0e+00]
INFO |   RHS range        [2e-01, 1e+00]
INFO | Presolve time: 0.00s
INFO | Presolved: 4 rows, 24 columns, 24 nonzeros
INFO | 
INFO | Iteration    Objective       Primal Inf.    Dual Inf.      Time
INFO |        0    3.0000000e+01   2.350000e+00   0.000000e+00      0s
INFO |        4    3.5798000e+03   0.000000e+00   0.000000e+00      0s
INFO | 
INFO | Solved in 4 iterations and 0.00 seconds (0.00 work units)
INFO | Optimal objective  3.579800000e+03
  --- Benders iteration 8  cuts_added=1  cuts_total=8  ---
INFO | Gurobi Optimizer version 13.0.0 build v13.0.0rc1 (mac64[rosetta2] - Darwin 25.5.0 25F84)
INFO | 
INFO | CPU model: Apple M1 Max
INFO | Thread count: 10 physical cores, 10 logical processors, using up to 10 threads
INFO | 
INFO | Non-default parameters:
INFO | LogToConsole  0
INFO | 
INFO | Optimize a model with 40 rows, 81 columns and 210 nonzeros (Min)
INFO | Model fingerprint: 0xcbda1b77
INFO | Model has 9 linear objective coefficients
INFO | Variable types: 57 continuous, 24 integer (24 binary)
INFO | Coefficient statistics:
INFO |   Matrix range     [1e+00, 4e+06]
INFO |   Objective range  [1e+00, 4e+02]
INFO |   Bounds range     [1e+00, 1e+00]
INFO |   RHS range        [1e+00, 1e+07]
INFO | 
INFO | MIP start from previous solve produced solution with objective 6182.2 (0.00s)
INFO | MIP start from previous solve produced solution with objective 6182.2 (0.00s)
INFO | Loaded MIP start from previous solve with objective 6182.2
INFO | 
INFO | Presolve removed 32 rows and 72 columns
INFO | Presolve time: 0.00s
INFO | Presolved: 8 rows, 9 columns, 38 nonzeros
INFO | Variable types: 1 continuous, 8 integer (8 binary)
INFO | Found heuristic solution: objective 6015.0000000
INFO | 
INFO | Root relaxation: objective 5.837759e+03, 4 iterations, 0.00 seconds (0.00 work units)
INFO | 
INFO |     Nodes    |    Current Node    |     Objective Bounds      |     Work
INFO |  Expl Unexpl |  Obj  Depth IntInf | Incumbent    BestBd   Gap | It/Node Time
INFO | 
INFO |      0     0 5837.75893    0    2 6015.00000 5837.75893  2.95%     -    0s
INFO | H    0     0                    5886.4000000 5837.75893  0.83%     -    0s
INFO |      0     0 5837.75893    0    2 5886.40000 5837.75893  0.83%     -    0s
INFO | 
INFO | Explored 1 nodes (4 simplex iterations) in 0.00 seconds (0.00 work units)
INFO | Thread count was 10 (of 10 available processors)
INFO | 
INFO | Solution count 3: 5886.4 6015 6182.2 
INFO | 
INFO | Optimal solution found (tolerance 1.00e-04)
INFO | Best objective 5.886400000000e+03, best bound 5.886400000000e+03, gap 0.0000%
INFO | Set parameter InfUnbdInfo to value 1
INFO | Set parameter DualReductions to value 0
INFO | Set parameter QCPDual to value 1
INFO | Gurobi Optimizer version 13.0.0 build v13.0.0rc1 (mac64[rosetta2] - Darwin 25.5.0 25F84)
INFO | 
INFO | CPU model: Apple M1 Max
INFO | Thread count: 10 physical cores, 10 logical processors, using up to 10 threads
INFO | 
INFO | Non-default parameters:
INFO | DualReductions  0
INFO | InfUnbdInfo  1
INFO | LogToConsole  0
INFO | QCPDual  1
INFO | 
INFO | Optimize a model with 160 rows, 80 columns and 296 nonzeros (Min)
INFO | Model fingerprint: 0x812fc0f4
INFO | Model has 32 linear objective coefficients
INFO | Coefficient statistics:
INFO |   Matrix range     [1e-01, 2e+03]
INFO |   Objective range  [1e+00, 4e+06]
INFO |   Bounds range     [0e+00, 0e+00]
INFO |   RHS range        [2e-01, 1e+00]
INFO | Presolve time: 0.00s
INFO | Presolved: 4 rows, 18 columns, 18 nonzeros
INFO | 
INFO | Iteration    Objective       Primal Inf.    Dual Inf.      Time
INFO |        0    3.0000000e+01   2.650000e+00   0.000000e+00      0s
INFO |        4    4.0346000e+03   0.000000e+00   0.000000e+00      0s
INFO | 
INFO | Solved in 4 iterations and 0.00 seconds (0.00 work units)
INFO | Optimal objective  4.034600000e+03
  --- Benders iteration 9  cuts_added=0  cuts_total=8  CONVERGED (no cuts)  ---
INFO - Termination: No Cuts Added
INFO | Termination: No Cuts Added
INFO - 
INFO | 
INFO - ----------------------------------------------------------------------
INFO | ----------------------------------------------------------------------
INFO - BendersSolver - RESULTS
INFO | BendersSolver - RESULTS
INFO - Metadata context_name: Benders Iterations
INFO | Metadata context_name: Benders Iterations
INFO - Metadata policy: keep_latest
INFO | Metadata policy: keep_latest
INFO - Metadata as_solution_source: sparow.solnpool.solnpool._sparow_as_solution
INFO | Metadata as_solution_source: sparow.solnpool.solnpool._sparow_as_solution
INFO - Metadata solver: Benders Iteration Results
INFO | Metadata solver: Benders Iteration Results
INFO - Metadata solver_options: {'cached_model_generation': False, 'max_iterations': 30, 'convergence_tolerance': 0.001, 'solver_name': 'gurobi_persistent', 'solver_options': {}}
INFO | Metadata solver_options: {'cached_model_generation': False, 'max_iterations': 30, 'convergence_tolerance': 0.001, 'solver_name': 'gurobi_persistent', 'solver_options': {}}
INFO - Metadata iterations: 9
INFO | Metadata iterations: 9
INFO - Metadata termination_condition: Termination: No Cuts Added
INFO | Metadata termination_condition: Termination: No Cuts Added
INFO - Metadata start_time: 2026-07-25 22:44:17.756031
INFO | Metadata start_time: 2026-07-25 22:44:17.756031
INFO - Metadata end_time: 2026-07-25 22:44:17.952963
INFO | Metadata end_time: 2026-07-25 22:44:17.952963
INFO - Metadata time_elapsed: 0:00:00.196932
INFO | Metadata time_elapsed: 0:00:00.196932
INFO - Objective Value: ObjectiveInfo(value=5886.4, name=None, index=None, suffix=MyMunch({}))
INFO | Objective Value: ObjectiveInfo(value=5886.4, name=None, index=None, suffix=MyMunch({}))
INFO - 
INFO | 
INFO - ----------------------------------------------------------------------
INFO | ----------------------------------------------------------------------
INFO - BendersSolver - STOP
INFO | BendersSolver - STOP
  Solve returned after 9 Benders iteration(s), 8 cut(s) total.
  Benders objective value: 5886.4
  |Benders - EF| = 0  (tol = 0.58864)
  Stage 8 PASSED – Benders matches EF within tolerance
