Intensity 3 → rel_gaps = [0.0, 0.01, 0.05]
case = egret:2020-01-27_T2_S3
scenarios = [{'ID': 'low', 'Probability': 0.25, 'load_scale': 0.85}, {'ID': 'med', 'Probability': 0.5, 'load_scale': 1.0}, {'ID': 'high', 'Probability': 0.25, 'load_scale': 1.15}]
Mode: create_EF → gurobi_generate_solutions (no prior EF solve)

===== first_stage_mode = UnitOn =====

=== STAGE 0: Environment ===
  EGRET OK  (egret at /Users/matthewviens/Optimization/Egret/egret/__init__.py)
  SPAROW OK (sparow at /Users/matthewviens/Optimization/sparow/sparow/__init__.py)
  OR-Topas OK
  Stage 0 PASSED

=== STAGE 1: Build EGRET model (tiny_uc_tc) ===
  Trying explicit path: /Users/matthewviens/Optimization/pglib-uc/rts_gmlc/2020-01-27.json
  Detected PGLIB-UC format → ModelData.read(..., file_type='pglib-uc')
  Truncating time horizon to first 2 periods
  ModelData source: /Users/matthewviens/Optimization/pglib-uc/rts_gmlc/2020-01-27.json|T=2
  system keys: ['reserve_requirement', 'time_keys', 'baseMVA', 'time_period_length_minutes', 'load_mismatch_cost', 'reserve_shortfall_cost', 'reference_bus', 'reference_bus_angle']
  element types: ['bus', 'load', 'branch', 'zone', 'generator']
  network_constraints: copperplate_power_flow
  Model type: <class 'pyomo.core.base.PyomoModel.ConcreteModel'>
  Model name: UnitCommitment
  Active objectives: ['TotalCostObjective']
  Set ThermalGenerators: length 73
  Set TimePeriods: length 2
  Set Buses: length 1
  Stage 1 PASSED

=== STAGE 2: Inspect binary / integer variables ===
  Binary components:
    UnitOn                                    n=  146  sample_idx=[('115_STEAM_1_T', 1), ('115_STEAM_1_T', 2), ('101_CT_1_T', 1)]
    UnitStart                                 n=  146  sample_idx=[('115_STEAM_1_T', 1), ('115_STEAM_1_T', 2), ('101_CT_1_T', 1)]
    UnitStop                                  n=  146  sample_idx=[('115_STEAM_1_T', 1), ('115_STEAM_1_T', 2), ('101_CT_1_T', 1)]
  Integer (non-binary) components:
    (none)
  Continuous sample (first few):
    PowerGeneratedAboveMinimum                n=  146
    MaximumPowerAvailableAboveMinimum         n=  146
    NondispatchablePowerUsed                  n=  162
    PiecewiseProduction                       n=  438
    ProductionCost                            n=  146

  Suggested first_stage_variables (heuristic): ['UnitOn', 'UnitStart', 'UnitStop']
  Stage 2 PASSED – inspect the list above before continuing

=== STAGE 3: Verify first-stage name list ===
  Candidate names: ['UnitOn']
  'UnitOn': found, n=146, domain=Binary
  Total first-stage VarData objects: 146
  Stage 3 PASSED
  first_stage_names = ['UnitOn']
  scenarios = [{'ID': 'low', 'Probability': 0.25, 'load_scale': 0.85}, {'ID': 'med', 'Probability': 0.5, 'load_scale': 1.0}, {'ID': 'high', 'Probability': 0.25, 'load_scale': 1.15}]

=== STAGE 5: Multi-scenario SPAROW SP with EGRET model_builder ===
  default_model: None
  bundles: ['low', 'med', 'high']
  bundle 'low': probability=0.25
  bundle 'med': probability=0.5
  bundle 'high': probability=0.25
  Probability sum = 1.0000000000  (OK)
  Building EF for bundle low ...
  Building EF for bundle med ...
  Building EF for bundle high ...
  Reference bundle 'low': 146 first-stage variables
    [0] s[None,low].UnitOn[115_STEAM_1_T,1]  (local=UnitOn[115_STEAM_1_T,1])  domain=Binary
    [1] s[None,low].UnitOn[115_STEAM_1_T,2]  (local=UnitOn[115_STEAM_1_T,2])  domain=Binary
    [2] s[None,low].UnitOn[101_CT_1_T,1]  (local=UnitOn[101_CT_1_T,1])  domain=Binary
    [3] s[None,low].UnitOn[101_CT_1_T,2]  (local=UnitOn[101_CT_1_T,2])  domain=Binary
    [4] s[None,low].UnitOn[101_CT_2_T,1]  (local=UnitOn[101_CT_2_T,1])  domain=Binary
  Cross-bundle first-stage structural check PASSED (146 vars, identical local names/domains across 3 bundles)
  Stage 5 PASSED
  n_first_stage = 146, names = ['UnitOn']
INFO - Using single_bundle scheme (extensive form solve).
INFO | Using single_bundle scheme (extensive form solve).
  create_EF(compact_repn=True) failed: RuntimeError: No transformation handler registered for modeling components of type '{obj.ctype}'.
  Retrying create_EF(compact_repn=False) ...
INFO - Using single_bundle scheme (extensive form solve).
INFO | Using single_bundle scheme (extensive form solve).
  create_EF(compact_repn=False) OK → ConcreteModel
  EF build time = 0.478s  compact=False
  EF AOS  method=gurobi_pool gap=0.0
INFO | Set parameter LogToConsole to value 1
INFO | Set parameter LogFile to value ""
INFO | Set parameter PoolSolutions to value 50
INFO | Set parameter PoolSearchMode to value 2
INFO | Set parameter PoolGap to value 0
INFO | Set parameter LogToConsole to value 1
INFO | Set parameter LogFile to value ""
INFO | Set parameter PoolSolutions to value 50
INFO | Set parameter PoolSearchMode to value 2
INFO | Set parameter PoolGap to value 0
INFO | Gurobi Optimizer version 13.0.0 build v13.0.0rc1 (mac64[rosetta2] - Darwin 25.5.0 25F84)
INFO | 
INFO | CPU model: Apple M1 Max
INFO | Gurobi Optimizer version 13.0.0 build v13.0.0rc1 (mac64[rosetta2] - Darwin 25.5.0 25F84)
INFO | 
INFO | CPU model: Apple M1 Max
INFO | Thread count: 10 physical cores, 10 logical processors, using up to 10 threads
INFO | Thread count: 10 physical cores, 10 logical processors, using up to 10 threads
INFO | 
INFO | 
INFO | Non-default parameters:
INFO | PoolSolutions  50
INFO | PoolSearchMode  2
INFO | PoolGap  0
INFO | Non-default parameters:
INFO | PoolSolutions  50
INFO | PoolSearchMode  2
INFO | PoolGap  0
INFO | 
INFO | Optimize a model with 6312 rows, 5468 columns and 19965 nonzeros (Min)
INFO | 
INFO | Optimize a model with 6312 rows, 5468 columns and 19965 nonzeros (Min)
INFO | Model fingerprint: 0x3b34dc17
INFO | Model has 1764 linear objective coefficients and an objective constant of 6417.98
INFO | Model fingerprint: 0x3b34dc17
INFO | Model has 1764 linear objective coefficients and an objective constant of 6417.98
INFO | Variable types: 4154 continuous, 1314 integer (1314 binary)
INFO | Variable types: 4154 continuous, 1314 integer (1314 binary)
INFO | Coefficient statistics:
INFO |   Matrix range     [1e+00, 6e+04]
INFO |   Objective range  [2e-01, 1e+04]
INFO |   Bounds range     [1e+00, 8e+02]
INFO |   RHS range        [1e+00, 3e+03]
INFO | Coefficient statistics:
INFO |   Matrix range     [1e+00, 6e+04]
INFO |   Objective range  [2e-01, 1e+04]
INFO |   Bounds range     [1e+00, 8e+02]
INFO |   RHS range        [1e+00, 3e+03]
INFO | Found heuristic solution: objective 9220931.5559
INFO | Found heuristic solution: objective 9220931.5559
INFO | Presolve removed 4493 rows and 3892 columns
INFO | Presolve time: 0.06s
INFO | Presolve removed 4493 rows and 3892 columns
INFO | Presolve time: 0.06s
INFO | Presolved: 1819 rows, 1576 columns, 6091 nonzeros
INFO | Presolved: 1819 rows, 1576 columns, 6091 nonzeros
INFO | Variable types: 1344 continuous, 232 integer (228 binary)
INFO | Variable types: 1344 continuous, 232 integer (228 binary)
INFO | 
INFO | Root relaxation: objective 2.671806e+04, 506 iterations, 0.02 seconds (0.01 work units)
INFO | 
INFO | Root relaxation: objective 2.671806e+04, 506 iterations, 0.02 seconds (0.01 work units)
INFO | 
INFO | 
INFO |     Nodes    |    Current Node    |     Objective Bounds      |     Work
INFO |  Expl Unexpl |  Obj  Depth IntInf | Incumbent    BestBd   Gap | It/Node Time
INFO | 
INFO |     Nodes    |    Current Node    |     Objective Bounds      |     Work
INFO |  Expl Unexpl |  Obj  Depth IntInf | Incumbent    BestBd   Gap | It/Node Time
INFO | 
INFO |      0     0 26718.0564    0    2 9220931.56 26718.0564   100%     -    0s
INFO |      0     0 26718.0564    0    2 9220931.56 26718.0564   100%     -    0s
INFO | H    0     0                    33596.766270 26718.0564  20.5%     -    0s
INFO | H    0     0                    33596.766270 26718.0564  20.5%     -    0s
INFO | H    0     0                    30059.264056 26718.0564  11.1%     -    0s
INFO | H    0     0                    30059.264056 26718.0564  11.1%     -    0s
INFO | H    0     0                    28005.434056 26718.0564  4.60%     -    0s
INFO | H    0     0                    28005.434056 26718.0564  4.60%     -    0s
INFO |      0     0 26718.5186    0    2 28005.4341 26718.5186  4.60%     -    0s
INFO |      0     0 26718.5186    0    2 28005.4341 26718.5186  4.60%     -    0s
INFO |      0     0 26718.5186    0    2 28005.4341 26718.5186  4.60%     -    0s
INFO |      0     0 26718.5186    0    2 28005.4341 26718.5186  4.60%     -    0s
INFO | H    0     0                    27997.331556 26718.5186  4.57%     -    0s
INFO | H    0     0                    27997.331556 26718.5186  4.57%     -    0s
INFO | H    0     0                    27749.066010 26718.5186  3.71%     -    0s
INFO | H    0     0                    27749.066010 26718.5186  3.71%     -    0s
INFO | H    0     0                    26885.530165 26718.5186  0.62%     -    0s
INFO | H    0     0                    26885.530165 26718.5186  0.62%     -    0s
INFO |      0     0 26718.5186    0    2 26885.5302 26718.5186  0.62%     -    0s
INFO |      0     0 26718.5186    0    2 26885.5302 26718.5186  0.62%     -    0s
INFO |      0     0 26718.5186    0    2 26885.5302 26718.5186  0.62%     -    0s
INFO |      0     0 26718.5186    0    2 26885.5302 26718.5186  0.62%     -    0s
INFO |      0     0 26718.5186    0    2 26885.5302 26718.5186  0.62%     -    0s
INFO |      0     0 26718.5186    0    2 26885.5302 26718.5186  0.62%     -    0s
INFO | H    0     0                    26880.770371 26726.9742  0.57%     -    0s
INFO | H    0     0                    26880.770371 26726.9742  0.57%     -    0s
INFO | H    0     0                    26860.356433 26726.9742  0.50%     -    0s
INFO | H    0     0                    26860.356433 26726.9742  0.50%     -    0s
INFO |      0     0 26726.9742    0    6 26860.3564 26726.9742  0.50%     -    0s
INFO |      0     0 26726.9742    0    6 26860.3564 26726.9742  0.50%     -    0s
INFO |      0     0 26734.4059    0   12 26860.3564 26734.4059  0.47%     -    0s
INFO |      0     0 26734.4059    0   12 26860.3564 26734.4059  0.47%     -    0s
INFO |      0     0 26734.4059    0   12 26860.3564 26734.4059  0.47%     -    0s
INFO |      0     0 26734.4059    0   12 26860.3564 26734.4059  0.47%     -    0s
INFO |      0     0 26734.4059    0   12 26860.3564 26734.4059  0.47%     -    0s
INFO |      0     0 26734.4059    0   12 26860.3564 26734.4059  0.47%     -    0s
INFO |      0     0 26737.5788    0   12 26860.3564 26737.5788  0.46%     -    0s
INFO |      0     0 26737.5788    0   12 26860.3564 26737.5788  0.46%     -    0s
INFO |      0     0 26737.5788    0   12 26860.3564 26737.5788  0.46%     -    0s
INFO |      0     0 26737.5788    0   12 26860.3564 26737.5788  0.46%     -    0s
INFO |      0     0 26758.7537    0   11 26860.3564 26758.7537  0.38%     -    0s
INFO |      0     0 26758.7537    0   11 26860.3564 26758.7537  0.38%     -    0s
INFO |      0     0 26766.3916    0   11 26860.3564 26766.3916  0.35%     -    0s
INFO |      0     0 26766.3916    0   11 26860.3564 26766.3916  0.35%     -    0s
INFO |      0     0 26769.7077    0   13 26860.3564 26769.7077  0.34%     -    0s
INFO |      0     0 26769.7077    0   13 26860.3564 26769.7077  0.34%     -    0s
INFO |      0     0 26769.9860    0   15 26860.3564 26769.9860  0.34%     -    0s
INFO |      0     0 26769.9860    0   15 26860.3564 26769.9860  0.34%     -    0s
INFO |      0     0 26782.3634    0   13 26860.3564 26782.3634  0.29%     -    0s
INFO |      0     0 26782.3634    0   13 26860.3564 26782.3634  0.29%     -    0s
INFO |      0     0 26785.3401    0   18 26860.3564 26785.3401  0.28%     -    0s
INFO |      0     0 26785.3401    0   18 26860.3564 26785.3401  0.28%     -    0s
INFO |      0     0 26785.3401    0   18 26860.3564 26785.3401  0.28%     -    0s
INFO |      0     0 26785.3401    0   18 26860.3564 26785.3401  0.28%     -    0s
INFO |      0     0 26788.3528    0   15 26860.3564 26788.3528  0.27%     -    0s
INFO |      0     0 26788.3528    0   15 26860.3564 26788.3528  0.27%     -    0s
INFO |      0     0 26793.2069    0   17 26860.3564 26793.2069  0.25%     -    0s
INFO |      0     0 26793.2069    0   17 26860.3564 26793.2069  0.25%     -    0s
INFO |      0     0 26793.7386    0   18 26860.3564 26793.7386  0.25%     -    0s
INFO |      0     0 26793.7386    0   18 26860.3564 26793.7386  0.25%     -    0s
INFO |      0     0 26794.9965    0   17 26860.3564 26794.9965  0.24%     -    0s
INFO |      0     0 26794.9965    0   17 26860.3564 26794.9965  0.24%     -    0s
INFO |      0     0 26795.0422    0   18 26860.3564 26795.0422  0.24%     -    0s
INFO |      0     0 26795.0422    0   18 26860.3564 26795.0422  0.24%     -    0s
INFO |      0     0 26847.7834    0    8 26860.3564 26847.7834  0.05%     -    0s
INFO |      0     0 26847.7834    0    8 26860.3564 26847.7834  0.05%     -    0s
INFO | H    0     0                    26849.076433 26847.7834  0.00%     -    0s
INFO | H    0     0                    26849.076433 26847.7834  0.00%     -    0s
INFO |      0     0 26849.0300    0    9 26849.0764 26849.0300  0.00%     -    0s
INFO |      0     0 26849.0300    0    9 26849.0764 26849.0300  0.00%     -    0s
INFO |      0     0          -    0      26849.0764 26849.0764  0.00%     -    0s
INFO | 
INFO | Optimal solution found at node 0 - now completing solution pool...
INFO |      0     0          -    0      26849.0764 26849.0764  0.00%     -    0s
INFO | 
INFO | Optimal solution found at node 0 - now completing solution pool...
INFO | 
INFO | 
INFO |     Nodes    |    Current Node    |      Pool Obj. Bounds     |     Work
INFO |              |                    |   Worst                   |
INFO |  Expl Unexpl |  Obj  Depth IntInf | Incumbent    BestBd   Gap | It/Node Time
INFO | 
INFO |     Nodes    |    Current Node    |      Pool Obj. Bounds     |     Work
INFO |      0     0          -    0               - 26849.0764      -     -    0s
INFO |              |                    |   Worst                   |
INFO |  Expl Unexpl |  Obj  Depth IntInf | Incumbent    BestBd   Gap | It/Node Time
INFO | 
INFO |      0     0          -    0               - 26849.0764      -     -    0s
INFO |      0     0          -    0               - 26849.0764      -     -    0s
INFO |      0     0          -    0               - 26849.0764      -     -    0s
INFO |      0     0          -    0               - 26849.0764      -     -    0s
INFO |      0     0          -    0               - 26849.0764      -     -    0s
INFO |      0     0 26849.0764    0    3          - 26849.0764      -     -    0s
INFO |      0     0 26849.0764    0    3          - 26849.0764      -     -    0s
INFO |      0     0          -    0               - 26849.0764      -     -    0s
INFO |      0     0          -    0               - 26849.0764      -     -    0s
INFO |      0     0          -    0               - 26849.0764      -     -    0s
INFO |      0     0          -    0               - 26849.0764      -     -    0s
INFO |      0     0          -    0               - 26849.0764      -     -    0s
INFO |      0     0          -    0               - 26849.0764      -     -    0s
INFO |      0     0          -    0               - 26849.0764      -     -    0s
INFO |      0     0          -    0               - 26849.0764      -     -    0s
INFO |      0     0 26849.0764    0    1          - 26849.0764      -     -    0s
INFO |      0     0 26849.0764    0    1          - 26849.0764      -     -    0s
INFO |      0     0          -    0               - 26849.0764      -     -    0s
INFO |      0     0          -    0               - 26849.0764      -     -    0s
INFO |      0     0          -    0               - 26849.0764      -     -    0s
INFO |      0     0          -    0               - 26849.0764      -     -    0s
INFO |      0     0          -    0               - 26849.0764      -     -    0s
INFO |      0     0          -    0               - 26849.0764      -     -    0s
INFO |      0     0          -    0               - 26849.0764      -     -    0s
INFO |      0     0          -    0               - 26849.0764      -     -    0s
INFO |      0     2          -    0               - 26849.0764      -     -    0s
INFO |      0     2          -    0               - 26849.0764      -     -    0s
INFO | 
INFO | Cutting planes:
INFO | 
INFO |   Implied bound: 7
INFO | Cutting planes:
INFO |   MIR: 1
INFO |   Implied bound: 7
INFO |   GUB cover: 1
INFO |   MIR: 1
INFO |   GUB cover: 1
INFO | 
INFO | 
INFO | Explored 5 nodes (1109 simplex iterations) in 0.34 seconds (0.11 work units)
INFO | Thread count was 10 (of 10 available processors)
INFO | Explored 5 nodes (1109 simplex iterations) in 0.34 seconds (0.11 work units)
INFO | Thread count was 10 (of 10 available processors)
INFO | 
INFO | 
INFO | Solution count 2: 26849.1 26849.1 
INFO | No other solutions better than 26849.1
INFO | Solution count 2: 26849.1 26849.1 
INFO | No other solutions better than 26849.1
INFO | 
INFO | 
INFO | Optimal solution found (tolerance 1.00e-04)
INFO | Optimal solution found (tolerance 1.00e-04)
INFO | Best objective 2.684907643317e+04, best bound 2.684907643317e+04, gap 0.0000%
INFO | Best objective 2.684907643317e+04, best bound 2.684907643317e+04, gap 0.0000%
  baseline obj (from gap=0.0 pool) = 26849.076433166993
  EF AOS  method=gurobi_pool gap=0.01
INFO | Set parameter LogToConsole to value 1
INFO | Set parameter LogFile to value ""
INFO | Set parameter PoolSolutions to value 50
INFO | Set parameter PoolSearchMode to value 2
INFO | Set parameter PoolGap to value 0.01
INFO | Set parameter LogToConsole to value 1
INFO | Set parameter LogFile to value ""
INFO | Set parameter PoolSolutions to value 50
INFO | Set parameter PoolSearchMode to value 2
INFO | Set parameter PoolGap to value 0.01
INFO | Gurobi Optimizer version 13.0.0 build v13.0.0rc1 (mac64[rosetta2] - Darwin 25.5.0 25F84)
INFO | 
INFO | CPU model: Apple M1 Max
INFO | Thread count: 10 physical cores, 10 logical processors, using up to 10 threads
INFO | 
INFO | Gurobi Optimizer version 13.0.0 build v13.0.0rc1 (mac64[rosetta2] - Darwin 25.5.0 25F84)
INFO | 
INFO | CPU model: Apple M1 Max
INFO | Thread count: 10 physical cores, 10 logical processors, using up to 10 threads
INFO | 
INFO | Non-default parameters:
INFO | PoolSolutions  50
INFO | PoolSearchMode  2
INFO | Non-default parameters:
INFO | PoolSolutions  50
INFO | PoolSearchMode  2
INFO | PoolGap  0.01
INFO | PoolGap  0.01
INFO | 
INFO | Optimize a model with 6312 rows, 5468 columns and 19965 nonzeros (Min)
INFO | 
INFO | Optimize a model with 6312 rows, 5468 columns and 19965 nonzeros (Min)
INFO | Model fingerprint: 0x3b34dc17
INFO | Model has 1764 linear objective coefficients and an objective constant of 6417.98
INFO | Model fingerprint: 0x3b34dc17
INFO | Model has 1764 linear objective coefficients and an objective constant of 6417.98
INFO | Variable types: 4154 continuous, 1314 integer (1314 binary)
INFO | Variable types: 4154 continuous, 1314 integer (1314 binary)
INFO | Coefficient statistics:
INFO |   Matrix range     [1e+00, 6e+04]
INFO |   Objective range  [2e-01, 1e+04]
INFO |   Bounds range     [1e+00, 8e+02]
INFO | Coefficient statistics:
INFO |   Matrix range     [1e+00, 6e+04]
INFO |   Objective range  [2e-01, 1e+04]
INFO |   Bounds range     [1e+00, 8e+02]
INFO |   RHS range        [1e+00, 3e+03]
INFO |   RHS range        [1e+00, 3e+03]
INFO | Found heuristic solution: objective 9220931.5559
INFO | Found heuristic solution: objective 9220931.5559
INFO | Presolve removed 4493 rows and 3892 columns
INFO | Presolve time: 0.02s
INFO | Presolve removed 4493 rows and 3892 columns
INFO | Presolve time: 0.02s
INFO | Presolved: 1819 rows, 1576 columns, 6091 nonzeros
INFO | Presolved: 1819 rows, 1576 columns, 6091 nonzeros
INFO | Variable types: 1344 continuous, 232 integer (228 binary)
INFO | Variable types: 1344 continuous, 232 integer (228 binary)
INFO | 
INFO | 
INFO | Root relaxation: objective 2.671806e+04, 506 iterations, 0.00 seconds (0.01 work units)
INFO | Root relaxation: objective 2.671806e+04, 506 iterations, 0.00 seconds (0.01 work units)
INFO | 
INFO | 
INFO |     Nodes    |    Current Node    |     Objective Bounds      |     Work
INFO |     Nodes    |    Current Node    |     Objective Bounds      |     Work
INFO |  Expl Unexpl |  Obj  Depth IntInf | Incumbent    BestBd   Gap | It/Node Time
INFO | 
INFO |      0     0 26718.0564    0    2 9220931.56 26718.0564   100%     -    0s
INFO |  Expl Unexpl |  Obj  Depth IntInf | Incumbent    BestBd   Gap | It/Node Time
INFO | 
INFO |      0     0 26718.0564    0    2 9220931.56 26718.0564   100%     -    0s
INFO | H    0     0                    33596.766270 26718.0564  20.5%     -    0s
INFO | H    0     0                    33596.766270 26718.0564  20.5%     -    0s
INFO | H    0     0                    30059.264056 26718.0564  11.1%     -    0s
INFO | H    0     0                    30059.264056 26718.0564  11.1%     -    0s
INFO | H    0     0                    28005.434056 26718.0564  4.60%     -    0s
INFO | H    0     0                    28005.434056 26718.0564  4.60%     -    0s
INFO |      0     0 26718.5186    0    2 28005.4341 26718.5186  4.60%     -    0s
INFO |      0     0 26718.5186    0    2 28005.4341 26718.5186  4.60%     -    0s
INFO |      0     0 26718.5186    0    2 28005.4341 26718.5186  4.60%     -    0s
INFO |      0     0 26718.5186    0    2 28005.4341 26718.5186  4.60%     -    0s
INFO | H    0     0                    28002.741556 26718.5186  4.59%     -    0s
INFO | H    0     0                    28002.741556 26718.5186  4.59%     -    0s
INFO | H    0     0                    27749.066010 26718.5186  3.71%     -    0s
INFO | H    0     0                    27749.066010 26718.5186  3.71%     -    0s
INFO | H    0     0                    26860.356433 26718.5186  0.53%     -    0s
INFO | H    0     0                    26860.356433 26718.5186  0.53%     -    0s
INFO |      0     0 26718.5186    0    2 26860.3564 26718.5186  0.53%     -    0s
INFO |      0     0 26718.5186    0    2 26860.3564 26718.5186  0.53%     -    0s
INFO |      0     0 26725.0996    0    4 26860.3564 26725.0996  0.50%     -    0s
INFO |      0     0 26725.0996    0    4 26860.3564 26725.0996  0.50%     -    0s
INFO |      0     0 26728.6898    0    8 26860.3564 26728.6898  0.49%     -    0s
INFO |      0     0 26728.6898    0    8 26860.3564 26728.6898  0.49%     -    0s
INFO |      0     0 26728.6898    0    2 26860.3564 26728.6898  0.49%     -    0s
INFO |      0     0 26728.6898    0    2 26860.3564 26728.6898  0.49%     -    0s
INFO |      0     0 26728.6898    0    6 26860.3564 26728.6898  0.49%     -    0s
INFO |      0     0 26728.6898    0    6 26860.3564 26728.6898  0.49%     -    0s
INFO |      0     0 26728.6898    0    6 26860.3564 26728.6898  0.49%     -    0s
INFO |      0     0 26728.6898    0    6 26860.3564 26728.6898  0.49%     -    0s
INFO |      0     0 26728.6898    0    8 26860.3564 26728.6898  0.49%     -    0s
INFO |      0     0 26728.6898    0    8 26860.3564 26728.6898  0.49%     -    0s
INFO |      0     0 26729.4678    0    8 26860.3564 26729.4678  0.49%     -    0s
INFO |      0     0 26729.4678    0    8 26860.3564 26729.4678  0.49%     -    0s
INFO |      0     0 26730.2738    0    8 26860.3564 26730.2738  0.48%     -    0s
INFO |      0     0 26730.2738    0    8 26860.3564 26730.2738  0.48%     -    0s
INFO |      0     0 26751.2885    0   11 26860.3564 26751.2885  0.41%     -    0s
INFO |      0     0 26751.2885    0   11 26860.3564 26751.2885  0.41%     -    0s
INFO |      0     0 26753.5175    0   11 26860.3564 26753.5175  0.40%     -    0s
INFO |      0     0 26753.5175    0   11 26860.3564 26753.5175  0.40%     -    0s
INFO |      0     0 26753.5175    0   14 26860.3564 26753.5175  0.40%     -    0s
INFO |      0     0 26753.5175    0   14 26860.3564 26753.5175  0.40%     -    0s
INFO |      0     0 26756.3185    0   17 26860.3564 26756.3185  0.39%     -    0s
INFO |      0     0 26756.3185    0   17 26860.3564 26756.3185  0.39%     -    0s
INFO |      0     0 26756.8855    0   17 26860.3564 26756.8855  0.39%     -    0s
INFO |      0     0 26756.8855    0   17 26860.3564 26756.8855  0.39%     -    0s
INFO |      0     0 26757.4931    0   19 26860.3564 26757.4931  0.38%     -    0s
INFO |      0     0 26757.4931    0   19 26860.3564 26757.4931  0.38%     -    0s
INFO |      0     0 26757.5038    0   19 26860.3564 26757.5038  0.38%     -    0s
INFO |      0     0 26757.5038    0   19 26860.3564 26757.5038  0.38%     -    0s
INFO |      0     0 26757.6445    0   17 26860.3564 26757.6445  0.38%     -    0s
INFO |      0     0 26757.6445    0   17 26860.3564 26757.6445  0.38%     -    0s
INFO |      0     0 26757.8122    0   17 26860.3564 26757.8122  0.38%     -    0s
INFO |      0     0 26757.8122    0   17 26860.3564 26757.8122  0.38%     -    0s
INFO |      0     0 26757.8238    0   17 26860.3564 26757.8238  0.38%     -    0s
INFO |      0     0 26757.8238    0   17 26860.3564 26757.8238  0.38%     -    0s
INFO |      0     0 26759.9079    0   17 26860.3564 26759.9079  0.37%     -    0s
INFO |      0     0 26759.9079    0   17 26860.3564 26759.9079  0.37%     -    0s
INFO |      0     0 26760.6440    0   17 26860.3564 26760.6440  0.37%     -    0s
INFO |      0     0 26760.6440    0   17 26860.3564 26760.6440  0.37%     -    0s
INFO |      0     0 26760.6440    0   17 26860.3564 26760.6440  0.37%     -    0s
INFO |      0     0 26760.6440    0   17 26860.3564 26760.6440  0.37%     -    0s
INFO |      0     0 26760.6440    0   18 26860.3564 26760.6440  0.37%     -    0s
INFO |      0     0 26760.6440    0   18 26860.3564 26760.6440  0.37%     -    0s
INFO |      0     0 26760.6440    0   18 26860.3564 26760.6440  0.37%     -    0s
INFO |      0     0 26760.6440    0   18 26860.3564 26760.6440  0.37%     -    0s
INFO |      0     0 26765.6679    0   16 26860.3564 26765.6679  0.35%     -    0s
INFO |      0     0 26765.6679    0   16 26860.3564 26765.6679  0.35%     -    0s
INFO |      0     0 26766.7921    0   18 26860.3564 26766.7921  0.35%     -    0s
INFO |      0     0 26766.7921    0   18 26860.3564 26766.7921  0.35%     -    0s
INFO |      0     0 26766.7921    0   20 26860.3564 26766.7921  0.35%     -    0s
INFO |      0     0 26766.7921    0   20 26860.3564 26766.7921  0.35%     -    0s
INFO |      0     0 26766.7921    0   20 26860.3564 26766.7921  0.35%     -    0s
INFO |      0     0 26766.7921    0   20 26860.3564 26766.7921  0.35%     -    0s
INFO |      0     0 26782.1858    0   20 26860.3564 26782.1858  0.29%     -    0s
INFO |      0     0 26782.1858    0   20 26860.3564 26782.1858  0.29%     -    0s
INFO |      0     0 26782.3691    0   11 26860.3564 26782.3691  0.29%     -    0s
INFO |      0     0 26782.3691    0   11 26860.3564 26782.3691  0.29%     -    0s
INFO |      0     0 26782.6106    0   16 26860.3564 26782.6106  0.29%     -    0s
INFO |      0     0 26782.6106    0   16 26860.3564 26782.6106  0.29%     -    0s
INFO |      0     0 26785.2679    0   18 26860.3564 26785.2679  0.28%     -    0s
INFO |      0     0 26785.2679    0   18 26860.3564 26785.2679  0.28%     -    0s
INFO |      0     0 26785.2679    0   15 26860.3564 26785.2679  0.28%     -    0s
INFO |      0     0 26785.2679    0   15 26860.3564 26785.2679  0.28%     -    0s
INFO |      0     0 26785.2679    0   17 26860.3564 26785.2679  0.28%     -    0s
INFO |      0     0 26785.2679    0   17 26860.3564 26785.2679  0.28%     -    0s
INFO | H    0     0                    26849.076433 26785.2679  0.24%     -    0s
INFO | H    0     0                    26849.076433 26785.2679  0.24%     -    0s
INFO |      0     0 26786.4590    0   15 26849.0764 26786.4590  0.23%     -    0s
INFO |      0     0 26786.4590    0   15 26849.0764 26786.4590  0.23%     -    0s
INFO |      0     0 26786.4590    0   17 26849.0764 26786.4590  0.23%     -    0s
INFO |      0     0 26786.4590    0   17 26849.0764 26786.4590  0.23%     -    0s
INFO |      0     0 26788.0479    0   15 26849.0764 26788.0479  0.23%     -    0s
INFO |      0     0 26788.0479    0   15 26849.0764 26788.0479  0.23%     -    0s
INFO |      0     0 26788.6560    0   17 26849.0764 26788.6560  0.23%     -    0s
INFO |      0     0 26788.6560    0   17 26849.0764 26788.6560  0.23%     -    0s
INFO |      0     0 26789.0004    0   19 26849.0764 26789.0004  0.22%     -    0s
INFO |      0     0 26789.0004    0   19 26849.0764 26789.0004  0.22%     -    0s
INFO |      0     0 26789.0779    0   19 26849.0764 26789.0779  0.22%     -    0s
INFO |      0     0 26789.0779    0   19 26849.0764 26789.0779  0.22%     -    0s
INFO |      0     0 26843.3266    0   15 26849.0764 26843.3266  0.02%     -    0s
INFO |      0     0 26843.3266    0   15 26849.0764 26843.3266  0.02%     -    0s
INFO |      0     0 26844.7191    0   15 26849.0764 26844.7191  0.02%     -    0s
INFO |      0     0 26844.7191    0   15 26849.0764 26844.7191  0.02%     -    0s
INFO |      0     0 26846.9807    0   17 26849.0764 26846.9807  0.01%     -    0s
INFO |      0     0 26846.9807    0   17 26849.0764 26846.9807  0.01%     -    0s
INFO |      0     0 26848.8974    0   18 26849.0764 26848.8974  0.00%     -    0s
INFO |      0     0 26848.8974    0   18 26849.0764 26848.8974  0.00%     -    0s
INFO |      0     0 26848.8974    0   17 26849.0764 26848.8974  0.00%     -    0s
INFO |      0     0 26848.8974    0   17 26849.0764 26848.8974  0.00%     -    0s
INFO |      0     0 26848.8974    0   20 26849.0764 26848.8974  0.00%     -    0s
INFO |      0     0 26848.8974    0   20 26849.0764 26848.8974  0.00%     -    0s
INFO |      0     0 26848.8974    0   20 26849.0764 26848.8974  0.00%     -    0s
INFO |      0     0 26848.8974    0   20 26849.0764 26848.8974  0.00%     -    0s
INFO |      0     0 26848.8974    0   20 26849.0764 26848.8974  0.00%     -    0s
INFO |      0     0 26848.8974    0   20 26849.0764 26848.8974  0.00%     -    0s
INFO |      0     0 26848.8974    0   19 26849.0764 26848.8974  0.00%     -    0s
INFO |      0     0 26848.8974    0   19 26849.0764 26848.8974  0.00%     -    0s
INFO |      0     0 26848.8974    0   20 26849.0764 26848.8974  0.00%     -    0s
INFO |      0     0 26848.8974    0   20 26849.0764 26848.8974  0.00%     -    0s
INFO |      0     0 26848.8974    0   20 26849.0764 26848.8974  0.00%     -    0s
INFO |      0     0 26848.8974    0   20 26849.0764 26848.8974  0.00%     -    0s
INFO |      0     0 26848.8974    0   20 26849.0764 26848.8974  0.00%     -    0s
INFO |      0     0 26848.8974    0   20 26849.0764 26848.8974  0.00%     -    0s
INFO |      0     0 26848.8974    0   16 26849.0764 26848.8974  0.00%     -    0s
INFO |      0     0 26848.8974    0   16 26849.0764 26848.8974  0.00%     -    0s
INFO |      0     0 26848.8974    0    2 26849.0764 26848.8974  0.00%     -    0s
INFO |      0     0 26848.8974    0    2 26849.0764 26848.8974  0.00%     -    0s
INFO |      0     0 26848.8974    0    2 26849.0764 26848.8974  0.00%     -    0s
INFO |      0     0 26848.8974    0    2 26849.0764 26848.8974  0.00%     -    0s
INFO |      0     0 26848.8974    0    6 26849.0764 26848.8974  0.00%     -    0s
INFO |      0     0 26848.8974    0    6 26849.0764 26848.8974  0.00%     -    0s
INFO |      0     0 26848.8974    0    4 26849.0764 26848.8974  0.00%     -    0s
INFO |      0     0 26848.8974    0    4 26849.0764 26848.8974  0.00%     -    0s
INFO |      0     0 26848.8974    0   15 26849.0764 26848.8974  0.00%     -    0s
INFO |      0     0 26848.8974    0   15 26849.0764 26848.8974  0.00%     -    0s
INFO |      0     0 26848.8974    0   15 26849.0764 26848.8974  0.00%     -    0s
INFO |      0     0 26848.8974    0   15 26849.0764 26848.8974  0.00%     -    0s
INFO |      0     0 26848.8974    0   15 26849.0764 26848.8974  0.00%     -    0s
INFO |      0     0 26848.8974    0   15 26849.0764 26848.8974  0.00%     -    0s
INFO |      0     0 26848.8974    0   17 26849.0764 26848.8974  0.00%     -    0s
INFO |      0     0 26848.8974    0   17 26849.0764 26848.8974  0.00%     -    0s
INFO |      0     0 26848.8974    0   10 26849.0764 26848.8974  0.00%     -    0s
INFO |      0     0 26848.8974    0   10 26849.0764 26848.8974  0.00%     -    0s
INFO |      0     0 26848.8974    0    8 26849.0764 26848.8974  0.00%     -    0s
INFO |      0     0 26848.8974    0    8 26849.0764 26848.8974  0.00%     -    0s
INFO |      0     0 26848.8974    0    8 26849.0764 26848.8974  0.00%     -    0s
INFO |      0     0 26848.8974    0    8 26849.0764 26848.8974  0.00%     -    0s
INFO |      0     0 26848.8974    0    8 26849.0764 26848.8974  0.00%     -    0s
INFO |      0     0 26848.8974    0    8 26849.0764 26848.8974  0.00%     -    0s
INFO |      0     0 26848.8974    0    8 26849.0764 26848.8974  0.00%     -    0s
INFO |      0     0 26848.8974    0    8 26849.0764 26848.8974  0.00%     -    0s
INFO |      0     0 26848.8974    0    8 26849.0764 26848.8974  0.00%     -    0s
INFO |      0     0 26848.8974    0    8 26849.0764 26848.8974  0.00%     -    0s
INFO |      0     0 26848.8974    0    8 26849.0764 26848.8974  0.00%     -    0s
INFO |      0     0 26848.8974    0    8 26849.0764 26848.8974  0.00%     -    0s
INFO |      0     0 26848.8974    0    8 26849.0764 26848.8974  0.00%     -    0s
INFO |      0     0 26848.8974    0    8 26849.0764 26848.8974  0.00%     -    0s
INFO |      0     2 26848.8974    0    8 26849.0764 26848.8974  0.00%     -    0s
INFO |      0     2 26848.8974    0    8 26849.0764 26848.8974  0.00%     -    0s
INFO | 
INFO | Optimal solution found at node 1 - now completing solution pool...
INFO | 
INFO | Optimal solution found at node 1 - now completing solution pool...
INFO | 
INFO |     Nodes    |    Current Node    |      Pool Obj. Bounds     |     Work
INFO |              |                    |   Worst                   |
INFO | 
INFO |  Expl Unexpl |  Obj  Depth IntInf | Incumbent    BestBd   Gap | It/Node Time
INFO |     Nodes    |    Current Node    |      Pool Obj. Bounds     |     Work
INFO | 
INFO |              |                    |   Worst                   |
INFO |  Expl Unexpl |  Obj  Depth IntInf | Incumbent    BestBd   Gap | It/Node Time
INFO | 
INFO |      1     4          -    1               - 26849.0764      -   2.0    0s
INFO |      1     4          -    1               - 26849.0764      -   2.0    0s
INFO | 
INFO | Cutting planes:
INFO |   MIR: 47
INFO |   StrongCG: 8
INFO | 
INFO |   Flow cover: 1
INFO | Cutting planes:
INFO |   GUB cover: 3
INFO |   MIR: 47
INFO |   StrongCG: 8
INFO |   Inf proof: 1
INFO |   Flow cover: 1
INFO |   GUB cover: 3
INFO |   Inf proof: 1
INFO | 
INFO | Explored 1255 nodes (4616 simplex iterations) in 0.37 seconds (0.21 work units)
INFO | Thread count was 10 (of 10 available processors)
INFO | 
INFO | Explored 1255 nodes (4616 simplex iterations) in 0.37 seconds (0.21 work units)
INFO | Thread count was 10 (of 10 available processors)
INFO | 
INFO | Solution count 50: 26849.1 26849.1 26860.4 ... 26948.5
INFO | No other solutions better than 26948.5
INFO | 
INFO | Solution count 50: 26849.1 26849.1 26860.4 ... 26948.5
INFO | No other solutions better than 26948.5
INFO | 
INFO | Optimal solution found (tolerance 1.00e-04)
INFO | 
INFO | Optimal solution found (tolerance 1.00e-04)
INFO | Best objective 2.684907643317e+04, best bound 2.684907643317e+04, gap 0.0000%
INFO | Best objective 2.684907643317e+04, best bound 2.684907643317e+04, gap 0.0000%
  EF AOS  method=gurobi_pool gap=0.05
INFO | Set parameter LogToConsole to value 1
INFO | Set parameter LogFile to value ""
INFO | Set parameter PoolSolutions to value 50
INFO | Set parameter PoolSearchMode to value 2
INFO | Set parameter PoolGap to value 0.05
INFO | Gurobi Optimizer version 13.0.0 build v13.0.0rc1 (mac64[rosetta2] - Darwin 25.5.0 25F84)
INFO | Set parameter LogToConsole to value 1
INFO | Set parameter LogFile to value ""
INFO | Set parameter PoolSolutions to value 50
INFO | Set parameter PoolSearchMode to value 2
INFO | Set parameter PoolGap to value 0.05
INFO | 
INFO | Gurobi Optimizer version 13.0.0 build v13.0.0rc1 (mac64[rosetta2] - Darwin 25.5.0 25F84)
INFO | CPU model: Apple M1 Max
INFO | Thread count: 10 physical cores, 10 logical processors, using up to 10 threads
INFO | 
INFO | 
INFO | Non-default parameters:
INFO | CPU model: Apple M1 Max
INFO | Thread count: 10 physical cores, 10 logical processors, using up to 10 threads
INFO | 
INFO | Non-default parameters:
INFO | PoolSolutions  50
INFO | PoolSolutions  50
INFO | PoolSearchMode  2
INFO | PoolGap  0.05
INFO | PoolSearchMode  2
INFO | PoolGap  0.05
INFO | 
INFO | 
INFO | Optimize a model with 6312 rows, 5468 columns and 19965 nonzeros (Min)
INFO | Optimize a model with 6312 rows, 5468 columns and 19965 nonzeros (Min)
INFO | Model fingerprint: 0x3b34dc17
INFO | Model has 1764 linear objective coefficients and an objective constant of 6417.98
INFO | Variable types: 4154 continuous, 1314 integer (1314 binary)
INFO | Model fingerprint: 0x3b34dc17
INFO | Model has 1764 linear objective coefficients and an objective constant of 6417.98
INFO | Variable types: 4154 continuous, 1314 integer (1314 binary)
INFO | Coefficient statistics:
INFO |   Matrix range     [1e+00, 6e+04]
INFO |   Objective range  [2e-01, 1e+04]
INFO | Coefficient statistics:
INFO |   Matrix range     [1e+00, 6e+04]
INFO |   Objective range  [2e-01, 1e+04]
INFO |   Bounds range     [1e+00, 8e+02]
INFO |   Bounds range     [1e+00, 8e+02]
INFO |   RHS range        [1e+00, 3e+03]
INFO |   RHS range        [1e+00, 3e+03]
INFO | Found heuristic solution: objective 9220931.5559
INFO | Found heuristic solution: objective 9220931.5559
INFO | Presolve removed 4493 rows and 3892 columns
INFO | Presolve time: 0.02s
INFO | Presolved: 1819 rows, 1576 columns, 6091 nonzeros
INFO | Presolve removed 4493 rows and 3892 columns
INFO | Presolve time: 0.02s
INFO | Presolved: 1819 rows, 1576 columns, 6091 nonzeros
INFO | Variable types: 1344 continuous, 232 integer (228 binary)
INFO | Variable types: 1344 continuous, 232 integer (228 binary)
INFO | 
INFO | 
INFO | Root relaxation: objective 2.671806e+04, 506 iterations, 0.00 seconds (0.01 work units)
INFO | Root relaxation: objective 2.671806e+04, 506 iterations, 0.00 seconds (0.01 work units)
INFO | 
INFO |     Nodes    |    Current Node    |     Objective Bounds      |     Work
INFO |  Expl Unexpl |  Obj  Depth IntInf | Incumbent    BestBd   Gap | It/Node Time
INFO | 
INFO | 
INFO |     Nodes    |    Current Node    |     Objective Bounds      |     Work
INFO |  Expl Unexpl |  Obj  Depth IntInf | Incumbent    BestBd   Gap | It/Node Time
INFO | 
INFO |      0     0 26718.0564    0    2 9220931.56 26718.0564   100%     -    0s
INFO |      0     0 26718.0564    0    2 9220931.56 26718.0564   100%     -    0s
INFO | H    0     0                    33596.766270 26718.0564  20.5%     -    0s
INFO | H    0     0                    33596.766270 26718.0564  20.5%     -    0s
INFO | H    0     0                    30059.264056 26718.0564  11.1%     -    0s
INFO | H    0     0                    30059.264056 26718.0564  11.1%     -    0s
INFO | H    0     0                    28005.434056 26718.0564  4.60%     -    0s
INFO | H    0     0                    28005.434056 26718.0564  4.60%     -    0s
INFO |      0     0 26718.5186    0    2 28005.4341 26718.5186  4.60%     -    0s
INFO |      0     0 26718.5186    0    2 28005.4341 26718.5186  4.60%     -    0s
INFO |      0     0 26718.5186    0    2 28005.4341 26718.5186  4.60%     -    0s
INFO |      0     0 26718.5186    0    2 28005.4341 26718.5186  4.60%     -    0s
INFO | H    0     0                    27861.198719 26718.5186  4.10%     -    0s
INFO | H    0     0                    27861.198719 26718.5186  4.10%     -    0s
INFO | H    0     0                    27749.066010 26718.5186  3.71%     -    0s
INFO | H    0     0                    27749.066010 26718.5186  3.71%     -    0s
INFO |      0     0 26718.5186    0    2 27749.0660 26718.5186  3.71%     -    0s
INFO |      0     0 26718.5186    0    2 27749.0660 26718.5186  3.71%     -    0s
INFO | H    0     0                    26885.530165 26718.5186  0.62%     -    0s
INFO | H    0     0                    26885.530165 26718.5186  0.62%     -    0s
INFO |      0     0 26725.0996    0    4 26885.5302 26725.0996  0.60%     -    0s
INFO |      0     0 26725.0996    0    4 26885.5302 26725.0996  0.60%     -    0s
INFO |      0     0 26728.6898    0    6 26885.5302 26728.6898  0.58%     -    0s
INFO |      0     0 26728.6898    0    6 26885.5302 26728.6898  0.58%     -    0s
INFO |      0     0 26728.6898    0    6 26885.5302 26728.6898  0.58%     -    0s
INFO |      0     0 26728.6898    0    6 26885.5302 26728.6898  0.58%     -    0s
INFO |      0     0 26729.5901    0    6 26885.5302 26729.5901  0.58%     -    0s
INFO |      0     0 26729.5901    0    6 26885.5302 26729.5901  0.58%     -    0s
INFO |      0     0 26734.5976    0    8 26885.5302 26734.5976  0.56%     -    0s
INFO |      0     0 26734.5976    0    8 26885.5302 26734.5976  0.56%     -    0s
INFO |      0     0 26736.9869    0   12 26885.5302 26736.9869  0.55%     -    0s
INFO |      0     0 26736.9869    0   12 26885.5302 26736.9869  0.55%     -    0s
INFO |      0     0 26743.7937    0   11 26885.5302 26743.7937  0.53%     -    0s
INFO |      0     0 26743.7937    0   11 26885.5302 26743.7937  0.53%     -    0s
INFO |      0     0 26747.2615    0   14 26885.5302 26747.2615  0.51%     -    0s
INFO |      0     0 26747.2615    0   14 26885.5302 26747.2615  0.51%     -    0s
INFO |      0     0 26747.8571    0   18 26885.5302 26747.8571  0.51%     -    0s
INFO |      0     0 26747.8571    0   18 26885.5302 26747.8571  0.51%     -    0s
INFO |      0     0 26747.8962    0   18 26885.5302 26747.8962  0.51%     -    0s
INFO |      0     0 26747.8962    0   18 26885.5302 26747.8962  0.51%     -    0s
INFO |      0     0 26751.6519    0   19 26885.5302 26751.6519  0.50%     -    0s
INFO |      0     0 26751.6519    0   19 26885.5302 26751.6519  0.50%     -    0s
INFO |      0     0 26751.9809    0   16 26885.5302 26751.9809  0.50%     -    0s
INFO |      0     0 26751.9809    0   16 26885.5302 26751.9809  0.50%     -    0s
INFO |      0     0 26753.2398    0   17 26885.5302 26753.2398  0.49%     -    0s
INFO |      0     0 26753.2398    0   17 26885.5302 26753.2398  0.49%     -    0s
INFO | H    0     0                    26867.757007 26753.2398  0.43%     -    0s
INFO | H    0     0                    26867.757007 26753.2398  0.43%     -    0s
INFO |      0     0 26757.2337    0   18 26867.7570 26757.2337  0.41%     -    0s
INFO |      0     0 26757.2337    0   18 26867.7570 26757.2337  0.41%     -    0s
INFO |      0     0 26760.5409    0   13 26867.7570 26760.5409  0.40%     -    0s
INFO |      0     0 26760.5409    0   13 26867.7570 26760.5409  0.40%     -    0s
INFO |      0     0 26760.8061    0   17 26867.7570 26760.8061  0.40%     -    0s
INFO |      0     0 26760.8061    0   17 26867.7570 26760.8061  0.40%     -    0s
INFO |      0     0 26761.8464    0   17 26867.7570 26761.8464  0.39%     -    0s
INFO |      0     0 26761.8464    0   17 26867.7570 26761.8464  0.39%     -    0s
INFO |      0     0 26762.4171    0   20 26867.7570 26762.4171  0.39%     -    0s
INFO |      0     0 26762.4171    0   20 26867.7570 26762.4171  0.39%     -    0s
INFO |      0     0 26764.3786    0   22 26867.7570 26764.3786  0.38%     -    0s
INFO |      0     0 26764.3786    0   22 26867.7570 26764.3786  0.38%     -    0s
INFO |      0     0 26765.1697    0   18 26867.7570 26765.1697  0.38%     -    0s
INFO |      0     0 26765.1697    0   18 26867.7570 26765.1697  0.38%     -    0s
INFO |      0     0 26765.1697    0   20 26867.7570 26765.1697  0.38%     -    0s
INFO |      0     0 26765.1697    0   20 26867.7570 26765.1697  0.38%     -    0s
INFO |      0     0 26767.6985    0   21 26867.7570 26767.6985  0.37%     -    0s
INFO |      0     0 26767.6985    0   21 26867.7570 26767.6985  0.37%     -    0s
INFO |      0     0 26769.7366    0   19 26867.7570 26769.7366  0.36%     -    0s
INFO |      0     0 26769.7366    0   19 26867.7570 26769.7366  0.36%     -    0s
INFO |      0     0 26770.0627    0   19 26867.7570 26770.0627  0.36%     -    0s
INFO |      0     0 26770.0627    0   19 26867.7570 26770.0627  0.36%     -    0s
INFO |      0     0 26770.0627    0   19 26867.7570 26770.0627  0.36%     -    0s
INFO |      0     0 26770.0627    0   19 26867.7570 26770.0627  0.36%     -    0s
INFO |      0     0 26770.0627    0    2 26867.7570 26770.0627  0.36%     -    0s
INFO |      0     0 26770.0627    0    2 26867.7570 26770.0627  0.36%     -    0s
INFO |      0     0 26770.0627    0    2 26867.7570 26770.0627  0.36%     -    0s
INFO |      0     0 26770.0627    0    2 26867.7570 26770.0627  0.36%     -    0s
INFO | H    0     0                    26849.076433 26770.0627  0.29%     -    0s
INFO | H    0     0                    26849.076433 26770.0627  0.29%     -    0s
INFO |      0     0 26770.0627    0    9 26849.0764 26770.0627  0.29%     -    0s
INFO |      0     0 26770.0627    0    9 26849.0764 26770.0627  0.29%     -    0s
INFO |      0     0 26770.0627    0   13 26849.0764 26770.0627  0.29%     -    0s
INFO |      0     0 26770.0627    0   13 26849.0764 26770.0627  0.29%     -    0s
INFO |      0     0 26770.0627    0   13 26849.0764 26770.0627  0.29%     -    0s
INFO |      0     0 26770.0627    0   13 26849.0764 26770.0627  0.29%     -    0s
INFO |      0     0 26770.0627    0   15 26849.0764 26770.0627  0.29%     -    0s
INFO |      0     0 26770.0627    0   15 26849.0764 26770.0627  0.29%     -    0s
INFO |      0     0 26770.0627    0   13 26849.0764 26770.0627  0.29%     -    0s
INFO |      0     0 26770.0627    0   13 26849.0764 26770.0627  0.29%     -    0s
INFO |      0     0 26770.0627    0   13 26849.0764 26770.0627  0.29%     -    0s
INFO |      0     0 26770.0627    0   13 26849.0764 26770.0627  0.29%     -    0s
INFO |      0     0 26770.0627    0   17 26849.0764 26770.0627  0.29%     -    0s
INFO |      0     0 26770.0627    0   17 26849.0764 26770.0627  0.29%     -    0s
INFO |      0     0 26770.0627    0   19 26849.0764 26770.0627  0.29%     -    0s
INFO |      0     0 26770.0627    0   19 26849.0764 26770.0627  0.29%     -    0s
INFO |      0     0 26770.0627    0   17 26849.0764 26770.0627  0.29%     -    0s
INFO |      0     0 26770.0627    0   17 26849.0764 26770.0627  0.29%     -    0s
INFO |      0     0 26770.0627    0   17 26849.0764 26770.0627  0.29%     -    0s
INFO |      0     0 26770.0627    0   17 26849.0764 26770.0627  0.29%     -    0s
INFO |      0     0 26770.0627    0   15 26849.0764 26770.0627  0.29%     -    0s
INFO |      0     0 26770.0627    0   15 26849.0764 26770.0627  0.29%     -    0s
INFO |      0     0 26772.8275    0   16 26849.0764 26772.8275  0.28%     -    0s
INFO |      0     0 26772.8275    0   16 26849.0764 26772.8275  0.28%     -    0s
INFO |      0     0 26773.5469    0   17 26849.0764 26773.5469  0.28%     -    0s
INFO |      0     0 26773.5469    0   17 26849.0764 26773.5469  0.28%     -    0s
INFO |      0     0 26774.0076    0   22 26849.0764 26774.0076  0.28%     -    0s
INFO |      0     0 26774.0076    0   22 26849.0764 26774.0076  0.28%     -    0s
INFO |      0     0 26774.0076    0   22 26849.0764 26774.0076  0.28%     -    0s
INFO |      0     0 26774.0076    0   22 26849.0764 26774.0076  0.28%     -    0s
INFO |      0     0 26774.5053    0   26 26849.0764 26774.5053  0.28%     -    0s
INFO |      0     0 26774.5053    0   26 26849.0764 26774.5053  0.28%     -    0s
INFO |      0     0 26782.7600    0   23 26849.0764 26782.7600  0.25%     -    0s
INFO |      0     0 26782.7600    0   23 26849.0764 26782.7600  0.25%     -    0s
INFO |      0     0 26782.8115    0   23 26849.0764 26782.8115  0.25%     -    0s
INFO |      0     0 26782.8115    0   23 26849.0764 26782.8115  0.25%     -    0s
INFO |      0     0 26783.9430    0   20 26849.0764 26783.9430  0.24%     -    0s
INFO |      0     0 26783.9430    0   20 26849.0764 26783.9430  0.24%     -    0s
INFO |      0     0 26783.9960    0   23 26849.0764 26783.9960  0.24%     -    0s
INFO |      0     0 26783.9960    0   23 26849.0764 26783.9960  0.24%     -    0s
INFO |      0     0 26784.0249    0   24 26849.0764 26784.0249  0.24%     -    0s
INFO |      0     0 26784.0249    0   24 26849.0764 26784.0249  0.24%     -    0s
INFO |      0     0 26788.2751    0   17 26849.0764 26788.2751  0.23%     -    0s
INFO |      0     0 26788.2751    0   17 26849.0764 26788.2751  0.23%     -    0s
INFO |      0     0 26788.8464    0   21 26849.0764 26788.8464  0.22%     -    0s
INFO |      0     0 26788.8464    0   21 26849.0764 26788.8464  0.22%     -    0s
INFO |      0     0 26788.8464    0   21 26849.0764 26788.8464  0.22%     -    0s
INFO |      0     0 26788.8464    0   21 26849.0764 26788.8464  0.22%     -    0s
INFO |      0     0 26790.2322    0   25 26849.0764 26790.2322  0.22%     -    0s
INFO |      0     0 26790.2322    0   25 26849.0764 26790.2322  0.22%     -    0s
INFO |      0     0 26790.3113    0   27 26849.0764 26790.3113  0.22%     -    0s
INFO |      0     0 26790.3113    0   27 26849.0764 26790.3113  0.22%     -    0s
INFO |      0     0 26792.6609    0   25 26849.0764 26792.6609  0.21%     -    0s
INFO |      0     0 26792.6609    0   25 26849.0764 26792.6609  0.21%     -    0s
INFO |      0     0 26792.6609    0   24 26849.0764 26792.6609  0.21%     -    0s
INFO |      0     0 26792.6609    0   24 26849.0764 26792.6609  0.21%     -    0s
INFO |      0     0 26792.6609    0   26 26849.0764 26792.6609  0.21%     -    0s
INFO |      0     0 26792.6609    0   26 26849.0764 26792.6609  0.21%     -    0s
INFO |      0     0 26792.6609    0   27 26849.0764 26792.6609  0.21%     -    0s
INFO |      0     0 26792.6609    0   27 26849.0764 26792.6609  0.21%     -    0s
INFO |      0     0 26793.5034    0   22 26849.0764 26793.5034  0.21%     -    0s
INFO |      0     0 26793.5034    0   22 26849.0764 26793.5034  0.21%     -    0s
INFO |      0     0 26835.8805    0   24 26849.0764 26835.8805  0.05%     -    0s
INFO |      0     0 26835.8805    0   24 26849.0764 26835.8805  0.05%     -    0s
INFO |      0     0 26835.8805    0   20 26849.0764 26835.8805  0.05%     -    0s
INFO |      0     0 26835.8805    0   20 26849.0764 26835.8805  0.05%     -    0s
INFO |      0     0 26835.8805    0   20 26849.0764 26835.8805  0.05%     -    0s
INFO |      0     0 26835.8805    0   20 26849.0764 26835.8805  0.05%     -    0s
INFO |      0     0 26847.2735    0   23 26849.0764 26847.2735  0.01%     -    0s
INFO |      0     0 26847.2735    0   23 26849.0764 26847.2735  0.01%     -    0s
INFO |      0     0 26847.2735    0   25 26849.0764 26847.2735  0.01%     -    0s
INFO |      0     0 26847.2735    0   25 26849.0764 26847.2735  0.01%     -    0s
INFO |      0     0 26847.2735    0   25 26849.0764 26847.2735  0.01%     -    0s
INFO |      0     0 26847.2735    0   25 26849.0764 26847.2735  0.01%     -    0s
INFO |      0     0 26847.2735    0   23 26849.0764 26847.2735  0.01%     -    0s
INFO |      0     0 26847.2735    0   23 26849.0764 26847.2735  0.01%     -    0s
INFO |      0     0 26849.0764    0   19 26849.0764 26849.0764  0.00%     -    0s
INFO |      0     0 26849.0764    0   19 26849.0764 26849.0764  0.00%     -    0s
INFO | 
INFO | 
INFO | Optimal solution found at node 0 - now completing solution pool...
INFO | Optimal solution found at node 0 - now completing solution pool...
INFO | 
INFO |     Nodes    |    Current Node    |      Pool Obj. Bounds     |     Work
INFO | 
INFO |     Nodes    |    Current Node    |      Pool Obj. Bounds     |     Work
INFO |              |                    |   Worst                   |
INFO |              |                    |   Worst                   |
INFO |  Expl Unexpl |  Obj  Depth IntInf | Incumbent    BestBd   Gap | It/Node Time
INFO | 
INFO |  Expl Unexpl |  Obj  Depth IntInf | Incumbent    BestBd   Gap | It/Node Time
INFO | 
INFO |      0     0 26849.0764    0   18          - 26849.0764      -     -    0s
INFO |      0     0 26849.0764    0   18          - 26849.0764      -     -    0s
INFO |      0     0 26849.0764    0   20          - 26849.0764      -     -    0s
INFO |      0     0 26849.0764    0   20          - 26849.0764      -     -    0s
INFO |      0     0 26849.0764    0   19          - 26849.0764      -     -    0s
INFO |      0     0 26849.0764    0   19          - 26849.0764      -     -    0s
INFO |      0     0 26849.0764    0   22          - 26849.0764      -     -    0s
INFO |      0     0 26849.0764    0   22          - 26849.0764      -     -    0s
INFO |      0     0 26849.0764    0   24          - 26849.0764      -     -    0s
INFO |      0     0 26849.0764    0   24          - 26849.0764      -     -    0s
INFO |      0     0 26849.0764    0   24          - 26849.0764      -     -    0s
INFO |      0     0 26849.0764    0   24          - 26849.0764      -     -    0s
INFO |      0     0 26849.0764    0    2          - 26849.0764      -     -    0s
INFO |      0     0 26849.0764    0    2          - 26849.0764      -     -    0s
INFO |      0     0 26849.0764    0    2          - 26849.0764      -     -    0s
INFO |      0     0 26849.0764    0    2          - 26849.0764      -     -    0s
INFO |      0     0 26849.0764    0    6          - 26849.0764      -     -    0s
INFO |      0     0 26849.0764    0    6          - 26849.0764      -     -    0s
INFO |      0     0 26849.0764    0   18          - 26849.0764      -     -    0s
INFO |      0     0 26849.0764    0   18          - 26849.0764      -     -    0s
INFO |      0     0 26849.0764    0   16          - 26849.0764      -     -    0s
INFO |      0     0 26849.0764    0   16          - 26849.0764      -     -    0s
INFO |      0     0 26849.0764    0   16          - 26849.0764      -     -    0s
INFO |      0     0 26849.0764    0   16          - 26849.0764      -     -    0s
INFO |      0     0 26849.0764    0   14          - 26849.0764      -     -    0s
INFO |      0     0 26849.0764    0   14          - 26849.0764      -     -    0s
INFO |      0     0 26849.0764    0   14          - 26849.0764      -     -    0s
INFO |      0     0 26849.0764    0   14          - 26849.0764      -     -    0s
INFO |      0     0 26849.0764    0   14          - 26849.0764      -     -    0s
INFO |      0     0 26849.0764    0   14          - 26849.0764      -     -    0s
INFO |      0     2 26849.0764    0   14          - 26849.0764      -     -    0s
INFO |      0     2 26849.0764    0   14          - 26849.0764      -     -    0s
INFO | 
INFO | 
INFO | Cutting planes:
INFO | Cutting planes:
INFO |   Lift-and-project: 4
INFO |   Lift-and-project: 4
INFO |   Cover: 2
INFO |   Cover: 2
INFO |   MIR: 58
INFO |   MIR: 58
INFO |   Flow cover: 4
INFO |   Inf proof: 8
INFO |   Flow cover: 4
INFO |   Inf proof: 8
INFO | 
INFO | 
INFO | Explored 2195 nodes (7655 simplex iterations) in 0.64 seconds (0.34 work units)
INFO | Explored 2195 nodes (7655 simplex iterations) in 0.64 seconds (0.34 work units)
INFO | Thread count was 10 (of 10 available processors)
INFO | Thread count was 10 (of 10 available processors)
INFO | 
INFO | Solution count 50: 26849.1 26849.1 26860.4 ... 26948.5
INFO | No other solutions better than 26948.5
INFO | 
INFO | Solution count 50: 26849.1 26849.1 26860.4 ... 26948.5
INFO | No other solutions better than 26948.5
INFO | 
INFO | 
INFO | Optimal solution found (tolerance 1.00e-04)
INFO | Optimal solution found (tolerance 1.00e-04)
INFO | Best objective 2.684907643317e+04, best bound 2.684907643317e+04, gap 0.0000%
INFO | Best objective 2.684907643317e+04, best bound 2.684907643317e+04, gap 0.0000%

Wrote 4 rows → results_ef_multi_pglib/egret_aos_multi_ef_only_egret:2020-01-27_T2_S3.csv

=== Summary ===
  UnitOn           extensive  baseline     gap=0.0   status=optimal  obj=26849.076433166993 n_true=1  
  UnitOn           extensive  gurobi_pool  gap=0.0   status=optimal  obj=26849.076433166993 n_true=2  
  UnitOn           extensive  gurobi_pool  gap=0.01  status=optimal  obj=26849.07643316699 n_true=50  
  UnitOn           extensive  gurobi_pool  gap=0.05  status=optimal  obj=26849.076433166993 n_true=50  
