--- Loading create_sp and building multi-scenario SP (Rung 2b) ---
  SP built in 2.2s  bundles=['load_0p95', 'load_1p05']
  first-stage: unfixed=0, seeded=0
  eta_bounds_map: {'load_0p95': (-1000000.0, None), 'load_1p05': (-1000000.0, None)}
--- Calling solve_and_return_model (TimeLimit=600.0s, convergence_tol=0.001) ---
INFO - BendersSolver - START
Did not find reserves.csv; assuming no reserves
Setting default t0 state in RTS-GMLC parser
[    0.00] Creating GTEP Model
Set parameter Username
Set parameter LicenseID to value 2756878
Academic license - for non-commercial use only - expires 2026-12-19
Did not find reserves.csv; assuming no reserves
Setting default t0 state in RTS-GMLC parser
[    0.00] Creating GTEP Model
Did not find reserves.csv; assuming no reserves
Setting default t0 state in RTS-GMLC parser
[    0.00] Creating GTEP Model
Set parameter InfUnbdInfo to value 1
Set parameter DualReductions to value 0
Set parameter InfUnbdInfo to value 1
Set parameter DualReductions to value 0
  --- Benders iteration 1  cuts_added=2 ---
  --- Benders iteration 2  cuts_added=2 ---
  --- Benders iteration 3  cuts_added=2 ---
  --- Benders iteration 4  cuts_added=2 ---
  --- Benders iteration 5  cuts_added=2 ---
  --- Benders iteration 6  cuts_added=2 ---
  --- Benders iteration 7  cuts_added=2 ---
  --- Benders iteration 8  cuts_added=2 ---
  --- Benders iteration 9  cuts_added=2 ---
  --- Benders iteration 10  cuts_added=2 ---
  --- Benders iteration 11  cuts_added=2 ---
  --- Benders iteration 12  cuts_added=2 ---
  --- Benders iteration 13  cuts_added=2 ---
  --- Benders iteration 14  cuts_added=2 ---
  --- Benders iteration 15  cuts_added=2 ---
  --- Benders iteration 16  cuts_added=2 ---
  --- Benders iteration 17  cuts_added=2 ---
  --- Benders iteration 18  cuts_added=2 ---
  --- Benders iteration 19  cuts_added=2 ---
  --- Benders iteration 20  cuts_added=0 ---
INFO - Termination: No Cuts Added
INFO - 
INFO - ----------------------------------------------------------------------
INFO - BendersSolver - RESULTS
INFO - Metadata context_name: Benders Iterations
INFO - Metadata policy: keep_latest
INFO - Metadata as_solution_source: sparow.solnpool.solnpool._sparow_as_solution
INFO - Metadata solver: Benders Iteration Results
INFO - Metadata solver_options: {'cached_model_generation': False, 'max_iterations': 50, 'convergence_tolerance': 0.001, 'solver_name': 'gurobi_persistent', 'solver_options': {'TimeLimit': 600.0, 'timelimit': 600.0}}
INFO - Metadata iterations: 20
INFO - Metadata termination_condition: Termination: No Cuts Added
INFO - Metadata start_time: 2026-08-08 22:07:13.926283
INFO - Metadata end_time: 2026-08-08 22:08:44.285032
INFO - Metadata time_elapsed: 0:01:30.358749
INFO - Objective Value: ObjectiveInfo(value=177380605.10627303, name=None, index=None, suffix=MyMunch({}))
INFO - 
INFO - ----------------------------------------------------------------------
INFO - BendersSolver - STOP
  Benders finished in 90.4s
  Master recovered via solve_and_return_model (type=<class 'pyomo.core.base.PyomoModel.ConcreteModel'>)
--- Snapshot Benders optimum (before generate_candidates) ---
  _as_pyomo_solution from or_topas.benders.aos_benders
  _as_pyomo_solution from or_topas.solnpool.solnpool
  PyomoSolution(variables=22154, objectives=1)
  benders_candidate objective = 177380605.10627303
--- aos-benders: generate_candidates ---
  Candidates from generate: 200  (89.6s)
--- Inject Benders optimum into candidate pool ---
  Pool size 200 → 201 (added Benders as_solution snapshot)
--- aos-benders: filter (true solutions) ---
  generate rel_gap=1e-05; filter_rel_gap=0.05
  inclusion LB=1.77381e+08; override UB=1.8625e+08 (data.upper_bound was 1.77382e+08)
Candidate Solution pool has 201 sols
True Pool Inclusion Lower Bound: 177380605.10627303
True Pool Inclusion Upper Bound: 177382378.9123251
Sol 0 added to true pool
After get model variables on updated model
lower_bound = 177380605.10627303
upper_bound = 177382378.9123251
obj val based on pre-evaluate etas : 177380605.10627303
obj val based on orig_objective: 183636102.56896132
Diff in pre-eval and post-eval objectives: True
Post-eval objective < Pre-eval objective: False
Sol likely a natural (non-level induced) vertex: False
Sol 1 not added to true pool, infeasible
Sol 2 not added to true pool, infeasible
Sol 3 not added to true pool, infeasible
Sol 4 not added to true pool, infeasible
Sol 5 not added to true pool, infeasible
Sol 6 not added to true pool, infeasible
Sol 7 added to true pool
After get model variables on updated model
lower_bound = 177380605.10627303
upper_bound = 177382378.9123251
obj val based on pre-evaluate etas : 177380605.10627303
obj val based on orig_objective: 183636102.56896132
Diff in pre-eval and post-eval objectives: True
Post-eval objective < Pre-eval objective: False
Sol likely a natural (non-level induced) vertex: False
Sol 8 not added to true pool, infeasible
Sol 9 not added to true pool, infeasible
Sol 10 not added to true pool, infeasible
Sol 11 not added to true pool, infeasible
Sol 12 not added to true pool, infeasible
Sol 13 not added to true pool, infeasible
Sol 14 not added to true pool, infeasible
Sol 15 not added to true pool, infeasible
Sol 16 not added to true pool, infeasible
Sol 17 not added to true pool, infeasible
Sol 18 not added to true pool, infeasible
Sol 19 not added to true pool, infeasible
Sol 20 not added to true pool, infeasible
Sol 21 not added to true pool, infeasible
Sol 22 not added to true pool, infeasible
Sol 23 not added to true pool, infeasible
Sol 24 not added to true pool, infeasible
Sol 25 not added to true pool, infeasible
Sol 26 not added to true pool, infeasible
Sol 27 not added to true pool, infeasible
Sol 28 not added to true pool, infeasible
Sol 29 not added to true pool, infeasible
Sol 30 not added to true pool, infeasible
Sol 31 not added to true pool, infeasible
Sol 32 not added to true pool, infeasible
Sol 33 not added to true pool, infeasible
Sol 34 not added to true pool, infeasible
Sol 35 not added to true pool, infeasible
Sol 36 not added to true pool, infeasible
Sol 37 not added to true pool, infeasible
Sol 38 not added to true pool, infeasible
Sol 39 not added to true pool, infeasible
Sol 40 not added to true pool, infeasible
Sol 41 not added to true pool, infeasible
Sol 42 not added to true pool, infeasible
Sol 43 not added to true pool, infeasible
Sol 44 not added to true pool, infeasible
Sol 45 not added to true pool, infeasible
Sol 46 not added to true pool, infeasible
Sol 47 not added to true pool, infeasible
Sol 48 not added to true pool, infeasible
Sol 49 not added to true pool, infeasible
Sol 50 not added to true pool, infeasible
Sol 51 not added to true pool, infeasible
Sol 52 not added to true pool, infeasible
Sol 53 not added to true pool, infeasible
Sol 54 not added to true pool, infeasible
Sol 55 not added to true pool, infeasible
Sol 56 not added to true pool, infeasible
Sol 57 not added to true pool, infeasible
Sol 58 not added to true pool, infeasible
Sol 59 not added to true pool, infeasible
Sol 60 not added to true pool, infeasible
Sol 61 not added to true pool, infeasible
Sol 62 not added to true pool, infeasible
Sol 63 not added to true pool, infeasible
Sol 64 not added to true pool, infeasible
Sol 65 not added to true pool, infeasible
Sol 66 not added to true pool, infeasible
Sol 67 not added to true pool, infeasible
Sol 68 not added to true pool, infeasible
Sol 69 not added to true pool, infeasible
Sol 70 not added to true pool, infeasible
Sol 71 not added to true pool, infeasible
Sol 72 not added to true pool, infeasible
Sol 73 not added to true pool, infeasible
Sol 74 not added to true pool, infeasible
Sol 75 not added to true pool, infeasible
Sol 76 not added to true pool, infeasible
Sol 77 not added to true pool, infeasible
Sol 78 not added to true pool, infeasible
Sol 79 not added to true pool, infeasible
Sol 80 not added to true pool, infeasible
Sol 81 not added to true pool, infeasible
Sol 82 not added to true pool, infeasible
Sol 83 not added to true pool, infeasible
Sol 84 not added to true pool, infeasible
Sol 85 not added to true pool, infeasible
Sol 86 not added to true pool, infeasible
Sol 87 not added to true pool, infeasible
Sol 88 not added to true pool, infeasible
Sol 89 not added to true pool, infeasible
Sol 90 not added to true pool, infeasible
Sol 91 not added to true pool, infeasible
Sol 92 not added to true pool, infeasible
Sol 93 not added to true pool, infeasible
Sol 94 not added to true pool, infeasible
Sol 95 not added to true pool, infeasible
Sol 96 not added to true pool, infeasible
Sol 97 not added to true pool, infeasible
Sol 98 not added to true pool, infeasible
Sol 99 not added to true pool, infeasible
Sol 100 not added to true pool, infeasible
Sol 101 not added to true pool, infeasible
Sol 102 not added to true pool, infeasible
Sol 103 not added to true pool, infeasible
Sol 104 not added to true pool, infeasible
Sol 105 not added to true pool, infeasible
Sol 106 not added to true pool, infeasible
Sol 107 not added to true pool, infeasible
Sol 108 not added to true pool, infeasible
Sol 109 not added to true pool, infeasible
Sol 110 not added to true pool, infeasible
Sol 111 not added to true pool, infeasible
Sol 112 not added to true pool, infeasible
Sol 113 not added to true pool, infeasible
Sol 114 not added to true pool, infeasible
Sol 115 not added to true pool, infeasible
Sol 116 not added to true pool, infeasible
Sol 117 not added to true pool, infeasible
Sol 118 not added to true pool, infeasible
Sol 119 not added to true pool, infeasible
Sol 120 not added to true pool, infeasible
Sol 121 not added to true pool, infeasible
Sol 122 not added to true pool, infeasible
Sol 123 not added to true pool, infeasible
Sol 124 not added to true pool, infeasible
Sol 125 not added to true pool, infeasible
Sol 126 not added to true pool, infeasible
Sol 127 not added to true pool, infeasible
Sol 128 not added to true pool, infeasible
Sol 129 not added to true pool, infeasible
Sol 130 not added to true pool, infeasible
Sol 131 not added to true pool, infeasible
Sol 132 not added to true pool, infeasible
Sol 133 not added to true pool, infeasible
Sol 134 not added to true pool, infeasible
Sol 135 not added to true pool, infeasible
Sol 136 not added to true pool, infeasible
Sol 137 not added to true pool, infeasible
Sol 138 not added to true pool, infeasible
Sol 139 not added to true pool, infeasible
Sol 140 not added to true pool, infeasible
Sol 141 not added to true pool, infeasible
Sol 142 not added to true pool, infeasible
Sol 143 not added to true pool, infeasible
Sol 144 not added to true pool, infeasible
Sol 145 not added to true pool, infeasible
Sol 146 not added to true pool, infeasible
Sol 147 not added to true pool, infeasible
Sol 148 not added to true pool, infeasible
Sol 149 not added to true pool, infeasible
Sol 150 not added to true pool, infeasible
Sol 151 not added to true pool, infeasible
Sol 152 not added to true pool, infeasible
Sol 153 not added to true pool, infeasible
Sol 154 not added to true pool, infeasible
Sol 155 not added to true pool, infeasible
Sol 156 not added to true pool, infeasible
Sol 157 not added to true pool, infeasible
Sol 158 not added to true pool, infeasible
Sol 159 not added to true pool, infeasible
Sol 160 not added to true pool, infeasible
Sol 161 not added to true pool, infeasible
Sol 162 not added to true pool, infeasible
Sol 163 not added to true pool, infeasible
Sol 164 not added to true pool, infeasible
Sol 165 not added to true pool, infeasible
Sol 166 not added to true pool, infeasible
Sol 167 not added to true pool, infeasible
Sol 168 not added to true pool, infeasible
Sol 169 not added to true pool, infeasible
Sol 170 not added to true pool, infeasible
Sol 171 not added to true pool, infeasible
Sol 172 not added to true pool, infeasible
Sol 173 not added to true pool, infeasible
Sol 174 not added to true pool, infeasible
Sol 175 not added to true pool, infeasible
Sol 176 not added to true pool, infeasible
Sol 177 not added to true pool, infeasible
Sol 178 not added to true pool, infeasible
Sol 179 not added to true pool, infeasible
Sol 180 not added to true pool, infeasible
Sol 181 not added to true pool, infeasible
Sol 182 not added to true pool, infeasible
Sol 183 not added to true pool, infeasible
Sol 184 not added to true pool, infeasible
Sol 185 not added to true pool, infeasible
Sol 186 not added to true pool, infeasible
Sol 187 not added to true pool, infeasible
Sol 188 not added to true pool, infeasible
Sol 189 not added to true pool, infeasible
Sol 190 not added to true pool, infeasible
Sol 191 not added to true pool, infeasible
Sol 192 not added to true pool, infeasible
Sol 193 not added to true pool, infeasible
Sol 194 not added to true pool, infeasible
Sol 195 not added to true pool, infeasible
Sol 196 not added to true pool, infeasible
Sol 197 not added to true pool, infeasible
Sol 198 not added to true pool, infeasible
Sol 199 not added to true pool, infeasible
Sol 200 added to true pool
After get model variables on updated model
lower_bound = 177380605.10627303
upper_bound = 177382378.9123251
obj val based on pre-evaluate etas : 177380605.10627303
obj val based on orig_objective: 177380605.10627303
Diff in pre-eval and post-eval objectives: False
Post-eval objective < Pre-eval objective: False
Sol likely a natural (non-level induced) vertex: True
  True solutions: 3  (592.5s)
  Sol 0: objective = 183636102.56896132
  Sol 1: objective = 183636102.56896132
  Sol 2: objective = 177380605.10627303

*** 3 true solutions (Benders opt + generate survivors). ***

--- First-stage archive ---
  First-stage name set size: 870
    s[None,load_0p95].investmentStage[1].branchDisabled[b1].binary_indicator_var
    s[None,load_0p95].investmentStage[1].branchDisabled[b2].binary_indicator_var
    s[None,load_0p95].investmentStage[1].branchDisabled[b3].binary_indicator_var
    s[None,load_0p95].investmentStage[1].branchDisabled[b4].binary_indicator_var
    s[None,load_0p95].investmentStage[1].branchDisabled[b5].binary_indicator_var
    s[None,load_0p95].investmentStage[1].branchDisabled[b6].binary_indicator_var
    ... +864 more
  Retained 870 first-stage variables per solution
  Sol 0: objective=183636102.56896132, n_fs=870
  Sol 1: objective=183636102.56896132, n_fs=870
  Sol 2: objective=177380605.10627303, n_fs=870
  Written to aos_benders_multi_2b_true_fs_candidate_gap_1eminus5_filter_gap_5eminus2.json
Done.
Phase times (s): wall=775.5 (see per-phase lines above)
